Component: ARM Compiler 5.06 update 1 (build 61) Tool: armlink [4d35a8]

==============================================================================

Section Cross References

    main.o(i.ConfigureCAN) refers to stm32f30x_rcc.o(i.RCC_APB1PeriphClockCmd) for RCC_APB1PeriphClockCmd
    main.o(i.ConfigureCAN) refers to stm32f30x_rcc.o(i.RCC_AHBPeriphClockCmd) for RCC_AHBPeriphClockCmd
    main.o(i.ConfigureCAN) refers to stm32f30x_gpio.o(i.GPIO_Init) for GPIO_Init
    main.o(i.ConfigureCAN) refers to stm32f30x_gpio.o(i.GPIO_PinAFConfig) for GPIO_PinAFConfig
    main.o(i.ConfigureCAN) refers to stm32f30x_misc.o(i.NVIC_Init) for NVIC_Init
    main.o(i.ConfigureCAN) refers to stm32f30x_can.o(i.CAN_DeInit) for CAN_DeInit
    main.o(i.ConfigureCAN) refers to stm32f30x_can.o(i.CAN_StructInit) for CAN_StructInit
    main.o(i.ConfigureCAN) refers to stm32f30x_can.o(i.CAN_Init) for CAN_Init
    main.o(i.ConfigureCAN) refers to stm32f30x_can.o(i.CAN_FilterInit) for CAN_FilterInit
    main.o(i.main) refers to main.o(i.ConfigureCAN) for ConfigureCAN
    main.o(i.main) refers to main.o(i.Init_TxMes) for Init_TxMes
    main.o(i.main) refers to stm32f30x_can.o(i.CAN_Transmit) for CAN_Transmit
    main.o(i.main) refers to stm32f30x_can.o(i.CAN_TransmitStatus) for CAN_TransmitStatus
    stm32f30x_adc.o(i.ADC_DeInit) refers to stm32f30x_rcc.o(i.RCC_AHBPeriphResetCmd) for RCC_AHBPeriphResetCmd
    stm32f30x_can.o(i.CAN_DeInit) refers to stm32f30x_rcc.o(i.RCC_APB1PeriphResetCmd) for RCC_APB1PeriphResetCmd
    stm32f30x_can.o(i.CAN_GetITStatus) refers to stm32f30x_can.o(i.CheckITStatus) for CheckITStatus
    stm32f30x_dac.o(i.DAC_DeInit) refers to stm32f30x_rcc.o(i.RCC_APB1PeriphResetCmd) for RCC_APB1PeriphResetCmd
    stm32f30x_flash.o(i.FLASH_EraseAllPages) refers to stm32f30x_flash.o(i.FLASH_WaitForLastOperation) for FLASH_WaitForLastOperation
    stm32f30x_flash.o(i.FLASH_ErasePage) refers to stm32f30x_flash.o(i.FLASH_WaitForLastOperation) for FLASH_WaitForLastOperation
    stm32f30x_flash.o(i.FLASH_OB_BOOTConfig) refers to stm32f30x_flash.o(i.FLASH_WaitForLastOperation) for FLASH_WaitForLastOperation
    stm32f30x_flash.o(i.FLASH_OB_EnableWRP) refers to stm32f30x_flash.o(i.FLASH_WaitForLastOperation) for FLASH_WaitForLastOperation
    stm32f30x_flash.o(i.FLASH_OB_Erase) refers to stm32f30x_flash.o(i.FLASH_OB_GetRDP) for FLASH_OB_GetRDP
    stm32f30x_flash.o(i.FLASH_OB_Erase) refers to stm32f30x_flash.o(i.FLASH_WaitForLastOperation) for FLASH_WaitForLastOperation
    stm32f30x_flash.o(i.FLASH_OB_RDPConfig) refers to stm32f30x_flash.o(i.FLASH_WaitForLastOperation) for FLASH_WaitForLastOperation
    stm32f30x_flash.o(i.FLASH_OB_SRAMParityConfig) refers to stm32f30x_flash.o(i.FLASH_WaitForLastOperation) for FLASH_WaitForLastOperation
    stm32f30x_flash.o(i.FLASH_OB_UserConfig) refers to stm32f30x_flash.o(i.FLASH_WaitForLastOperation) for FLASH_WaitForLastOperation
    stm32f30x_flash.o(i.FLASH_OB_VDDAConfig) refers to stm32f30x_flash.o(i.FLASH_WaitForLastOperation) for FLASH_WaitForLastOperation
    stm32f30x_flash.o(i.FLASH_OB_WriteUser) refers to stm32f30x_flash.o(i.FLASH_WaitForLastOperation) for FLASH_WaitForLastOperation
    stm32f30x_flash.o(i.FLASH_ProgramHalfWord) refers to stm32f30x_flash.o(i.FLASH_WaitForLastOperation) for FLASH_WaitForLastOperation
    stm32f30x_flash.o(i.FLASH_ProgramOptionByteData) refers to stm32f30x_flash.o(i.FLASH_WaitForLastOperation) for FLASH_WaitForLastOperation
    stm32f30x_flash.o(i.FLASH_ProgramWord) refers to stm32f30x_flash.o(i.FLASH_WaitForLastOperation) for FLASH_WaitForLastOperation
    stm32f30x_flash.o(i.FLASH_WaitForLastOperation) refers to stm32f30x_flash.o(i.FLASH_GetStatus) for FLASH_GetStatus
    stm32f30x_gpio.o(i.GPIO_DeInit) refers to stm32f30x_rcc.o(i.RCC_AHBPeriphResetCmd) for RCC_AHBPeriphResetCmd
    stm32f30x_i2c.o(i.I2C_DeInit) refers to stm32f30x_rcc.o(i.RCC_APB1PeriphResetCmd) for RCC_APB1PeriphResetCmd
    stm32f30x_pwr.o(i.PWR_DeInit) refers to stm32f30x_rcc.o(i.RCC_APB1PeriphResetCmd) for RCC_APB1PeriphResetCmd
    stm32f30x_rcc.o(i.RCC_GetClocksFreq) refers to stm32f30x_rcc.o(.data) for APBAHBPrescTable
    stm32f30x_rcc.o(i.RCC_WaitForHSEStartUp) refers to stm32f30x_rcc.o(i.RCC_GetFlagStatus) for RCC_GetFlagStatus
    stm32f30x_rtc.o(i.RTC_DeInit) refers to stm32f30x_rtc.o(i.RTC_EnterInitMode) for RTC_EnterInitMode
    stm32f30x_rtc.o(i.RTC_DeInit) refers to stm32f30x_rtc.o(i.RTC_WaitForSynchro) for RTC_WaitForSynchro
    stm32f30x_rtc.o(i.RTC_GetAlarm) refers to stm32f30x_rtc.o(i.RTC_Bcd2ToByte) for RTC_Bcd2ToByte
    stm32f30x_rtc.o(i.RTC_GetDate) refers to stm32f30x_rtc.o(i.RTC_Bcd2ToByte) for RTC_Bcd2ToByte
    stm32f30x_rtc.o(i.RTC_GetTime) refers to stm32f30x_rtc.o(i.RTC_Bcd2ToByte) for RTC_Bcd2ToByte
    stm32f30x_rtc.o(i.RTC_GetTimeStamp) refers to stm32f30x_rtc.o(i.RTC_Bcd2ToByte) for RTC_Bcd2ToByte
    stm32f30x_rtc.o(i.RTC_Init) refers to stm32f30x_rtc.o(i.RTC_EnterInitMode) for RTC_EnterInitMode
    stm32f30x_rtc.o(i.RTC_Init) refers to stm32f30x_rtc.o(i.RTC_ExitInitMode) for RTC_ExitInitMode
    stm32f30x_rtc.o(i.RTC_RefClockCmd) refers to stm32f30x_rtc.o(i.RTC_EnterInitMode) for RTC_EnterInitMode
    stm32f30x_rtc.o(i.RTC_RefClockCmd) refers to stm32f30x_rtc.o(i.RTC_ExitInitMode) for RTC_ExitInitMode
    stm32f30x_rtc.o(i.RTC_SetAlarm) refers to stm32f30x_rtc.o(i.RTC_Bcd2ToByte) for RTC_Bcd2ToByte
    stm32f30x_rtc.o(i.RTC_SetAlarm) refers to stm32f30x_rtc.o(i.RTC_ByteToBcd2) for RTC_ByteToBcd2
    stm32f30x_rtc.o(i.RTC_SetDate) refers to stm32f30x_rtc.o(i.RTC_Bcd2ToByte) for RTC_Bcd2ToByte
    stm32f30x_rtc.o(i.RTC_SetDate) refers to stm32f30x_rtc.o(i.RTC_ByteToBcd2) for RTC_ByteToBcd2
    stm32f30x_rtc.o(i.RTC_SetDate) refers to stm32f30x_rtc.o(i.RTC_EnterInitMode) for RTC_EnterInitMode
    stm32f30x_rtc.o(i.RTC_SetDate) refers to stm32f30x_rtc.o(i.RTC_ExitInitMode) for RTC_ExitInitMode
    stm32f30x_rtc.o(i.RTC_SetDate) refers to stm32f30x_rtc.o(i.RTC_WaitForSynchro) for RTC_WaitForSynchro
    stm32f30x_rtc.o(i.RTC_SetTime) refers to stm32f30x_rtc.o(i.RTC_Bcd2ToByte) for RTC_Bcd2ToByte
    stm32f30x_rtc.o(i.RTC_SetTime) refers to stm32f30x_rtc.o(i.RTC_ByteToBcd2) for RTC_ByteToBcd2
    stm32f30x_rtc.o(i.RTC_SetTime) refers to stm32f30x_rtc.o(i.RTC_EnterInitMode) for RTC_EnterInitMode
    stm32f30x_rtc.o(i.RTC_SetTime) refers to stm32f30x_rtc.o(i.RTC_ExitInitMode) for RTC_ExitInitMode
    stm32f30x_rtc.o(i.RTC_SetTime) refers to stm32f30x_rtc.o(i.RTC_WaitForSynchro) for RTC_WaitForSynchro
    stm32f30x_rtc.o(i.RTC_SynchroShiftConfig) refers to stm32f30x_rtc.o(i.RTC_WaitForSynchro) for RTC_WaitForSynchro
    stm32f30x_spi.o(i.I2S_Init) refers to stm32f30x_rcc.o(i.RCC_GetClocksFreq) for RCC_GetClocksFreq
    stm32f30x_spi.o(i.SPI_I2S_DeInit) refers to stm32f30x_rcc.o(i.RCC_APB2PeriphResetCmd) for RCC_APB2PeriphResetCmd
    stm32f30x_spi.o(i.SPI_I2S_DeInit) refers to stm32f30x_rcc.o(i.RCC_APB1PeriphResetCmd) for RCC_APB1PeriphResetCmd
    stm32f30x_tim.o(i.TIM_DeInit) refers to stm32f30x_rcc.o(i.RCC_APB2PeriphResetCmd) for RCC_APB2PeriphResetCmd
    stm32f30x_tim.o(i.TIM_DeInit) refers to stm32f30x_rcc.o(i.RCC_APB1PeriphResetCmd) for RCC_APB1PeriphResetCmd
    stm32f30x_tim.o(i.TIM_ETRClockMode1Config) refers to stm32f30x_tim.o(i.TIM_ETRConfig) for TIM_ETRConfig
    stm32f30x_tim.o(i.TIM_ETRClockMode2Config) refers to stm32f30x_tim.o(i.TIM_ETRConfig) for TIM_ETRConfig
    stm32f30x_tim.o(i.TIM_ICInit) refers to stm32f30x_tim.o(i.TI1_Config) for TI1_Config
    stm32f30x_tim.o(i.TIM_ICInit) refers to stm32f30x_tim.o(i.TIM_SetIC1Prescaler) for TIM_SetIC1Prescaler
    stm32f30x_tim.o(i.TIM_ICInit) refers to stm32f30x_tim.o(i.TI2_Config) for TI2_Config
    stm32f30x_tim.o(i.TIM_ICInit) refers to stm32f30x_tim.o(i.TIM_SetIC2Prescaler) for TIM_SetIC2Prescaler
    stm32f30x_tim.o(i.TIM_ICInit) refers to stm32f30x_tim.o(i.TI3_Config) for TI3_Config
    stm32f30x_tim.o(i.TIM_ICInit) refers to stm32f30x_tim.o(i.TIM_SetIC3Prescaler) for TIM_SetIC3Prescaler
    stm32f30x_tim.o(i.TIM_ICInit) refers to stm32f30x_tim.o(i.TI4_Config) for TI4_Config
    stm32f30x_tim.o(i.TIM_ICInit) refers to stm32f30x_tim.o(i.TIM_SetIC4Prescaler) for TIM_SetIC4Prescaler
    stm32f30x_tim.o(i.TIM_ITRxExternalClockConfig) refers to stm32f30x_tim.o(i.TIM_SelectInputTrigger) for TIM_SelectInputTrigger
    stm32f30x_tim.o(i.TIM_PWMIConfig) refers to stm32f30x_tim.o(i.TI1_Config) for TI1_Config
    stm32f30x_tim.o(i.TIM_PWMIConfig) refers to stm32f30x_tim.o(i.TIM_SetIC1Prescaler) for TIM_SetIC1Prescaler
    stm32f30x_tim.o(i.TIM_PWMIConfig) refers to stm32f30x_tim.o(i.TI2_Config) for TI2_Config
    stm32f30x_tim.o(i.TIM_PWMIConfig) refers to stm32f30x_tim.o(i.TIM_SetIC2Prescaler) for TIM_SetIC2Prescaler
    stm32f30x_tim.o(i.TIM_TIxExternalClockConfig) refers to stm32f30x_tim.o(i.TI2_Config) for TI2_Config
    stm32f30x_tim.o(i.TIM_TIxExternalClockConfig) refers to stm32f30x_tim.o(i.TI1_Config) for TI1_Config
    stm32f30x_tim.o(i.TIM_TIxExternalClockConfig) refers to stm32f30x_tim.o(i.TIM_SelectInputTrigger) for TIM_SelectInputTrigger
    stm32f30x_usart.o(i.USART_DeInit) refers to stm32f30x_rcc.o(i.RCC_APB2PeriphResetCmd) for RCC_APB2PeriphResetCmd
    stm32f30x_usart.o(i.USART_DeInit) refers to stm32f30x_rcc.o(i.RCC_APB1PeriphResetCmd) for RCC_APB1PeriphResetCmd
    stm32f30x_usart.o(i.USART_Init) refers to stm32f30x_rcc.o(i.RCC_GetClocksFreq) for RCC_GetClocksFreq
    stm32f30x_wwdg.o(i.WWDG_DeInit) refers to stm32f30x_rcc.o(i.RCC_APB1PeriphResetCmd) for RCC_APB1PeriphResetCmd
    startup_stm32f302x8.o(RESET) refers to startup_stm32f302x8.o(STACK) for __initial_sp
    startup_stm32f302x8.o(RESET) refers to startup_stm32f302x8.o(.text) for Reset_Handler
    startup_stm32f302x8.o(.text) refers to system_stm32f3xx.o(i.SystemInit) for SystemInit
    startup_stm32f302x8.o(.text) refers to entry.o(.ARM.Collect$$$$00000000) for __main
    system_stm32f3xx.o(i.SystemCoreClockUpdate) refers to system_stm32f3xx.o(.data) for SystemCoreClock
    entry.o(.ARM.Collect$$$$00000000) refers (Special) to entry10a.o(.ARM.Collect$$$$0000000D) for __rt_final_cpp
    entry.o(.ARM.Collect$$$$00000000) refers (Special) to entry11a.o(.ARM.Collect$$$$0000000F) for __rt_final_exit
    entry.o(.ARM.Collect$$$$00000000) refers (Special) to entry7b.o(.ARM.Collect$$$$00000008) for _main_clock
    entry.o(.ARM.Collect$$$$00000000) refers (Special) to entry8b.o(.ARM.Collect$$$$0000000A) for _main_cpp_init
    entry.o(.ARM.Collect$$$$00000000) refers (Special) to entry9a.o(.ARM.Collect$$$$0000000B) for _main_init
    entry.o(.ARM.Collect$$$$00000000) refers (Special) to entry5.o(.ARM.Collect$$$$00000004) for _main_scatterload
    entry.o(.ARM.Collect$$$$00000000) refers (Special) to entry2.o(.ARM.Collect$$$$00000001) for _main_stk
    entry2.o(.ARM.Collect$$$$00000001) refers to entry2.o(.ARM.Collect$$$$00002712) for __lit__00000000
    entry2.o(.ARM.Collect$$$$00002712) refers to startup_stm32f302x8.o(STACK) for __initial_sp
    entry2.o(__vectab_stack_and_reset_area) refers to startup_stm32f302x8.o(STACK) for __initial_sp
    entry2.o(__vectab_stack_and_reset_area) refers to entry.o(.ARM.Collect$$$$00000000) for __main
    entry5.o(.ARM.Collect$$$$00000004) refers to init.o(.text) for __scatterload
    entry9a.o(.ARM.Collect$$$$0000000B) refers to main.o(i.main) for main
    entry9b.o(.ARM.Collect$$$$0000000C) refers to main.o(i.main) for main
    init.o(.text) refers to entry5.o(.ARM.Collect$$$$00000004) for __main_after_scatterload


==============================================================================

Removing Unused input sections from the image.

    Removing main.o(.rev16_text), (4 bytes).
    Removing main.o(.revsh_text), (4 bytes).
    Removing main.o(.rrx_text), (6 bytes).
    Removing main.o(i.Init_RxMes), (34 bytes).
    Removing stm32f30x_adc.o(.rev16_text), (4 bytes).
    Removing stm32f30x_adc.o(.revsh_text), (4 bytes).
    Removing stm32f30x_adc.o(.rrx_text), (6 bytes).
    Removing stm32f30x_adc.o(i.ADC_AnalogWatchdog1SingleChannelConfig), (18 bytes).
    Removing stm32f30x_adc.o(i.ADC_AnalogWatchdog1ThresholdsConfig), (40 bytes).
    Removing stm32f30x_adc.o(i.ADC_AnalogWatchdog2SingleChannelConfig), (32 bytes).
    Removing stm32f30x_adc.o(i.ADC_AnalogWatchdog2ThresholdsConfig), (32 bytes).
    Removing stm32f30x_adc.o(i.ADC_AnalogWatchdog3SingleChannelConfig), (32 bytes).
    Removing stm32f30x_adc.o(i.ADC_AnalogWatchdog3ThresholdsConfig), (32 bytes).
    Removing stm32f30x_adc.o(i.ADC_AnalogWatchdogCmd), (16 bytes).
    Removing stm32f30x_adc.o(i.ADC_AutoDelayCmd), (22 bytes).
    Removing stm32f30x_adc.o(i.ADC_AutoInjectedConvCmd), (22 bytes).
    Removing stm32f30x_adc.o(i.ADC_ChannelOffset1Cmd), (22 bytes).
    Removing stm32f30x_adc.o(i.ADC_ChannelOffset2Cmd), (22 bytes).
    Removing stm32f30x_adc.o(i.ADC_ChannelOffset3Cmd), (22 bytes).
    Removing stm32f30x_adc.o(i.ADC_ChannelOffset4Cmd), (22 bytes).
    Removing stm32f30x_adc.o(i.ADC_ClearCommonFlag), (52 bytes).
    Removing stm32f30x_adc.o(i.ADC_ClearFlag), (4 bytes).
    Removing stm32f30x_adc.o(i.ADC_ClearITPendingBit), (4 bytes).
    Removing stm32f30x_adc.o(i.ADC_Cmd), (22 bytes).
    Removing stm32f30x_adc.o(i.ADC_CommonInit), (100 bytes).
    Removing stm32f30x_adc.o(i.ADC_CommonStructInit), (14 bytes).
    Removing stm32f30x_adc.o(i.ADC_DMACmd), (22 bytes).
    Removing stm32f30x_adc.o(i.ADC_DMAConfig), (16 bytes).
    Removing stm32f30x_adc.o(i.ADC_DeInit), (80 bytes).
    Removing stm32f30x_adc.o(i.ADC_DisableCmd), (10 bytes).
    Removing stm32f30x_adc.o(i.ADC_DiscModeChannelCountConfig), (24 bytes).
    Removing stm32f30x_adc.o(i.ADC_DiscModeCmd), (22 bytes).
    Removing stm32f30x_adc.o(i.ADC_ExternalTriggerConfig), (22 bytes).
    Removing stm32f30x_adc.o(i.ADC_GetCalibrationStatus), (20 bytes).
    Removing stm32f30x_adc.o(i.ADC_GetCalibrationValue), (8 bytes).
    Removing stm32f30x_adc.o(i.ADC_GetCommonFlagStatus), (56 bytes).
    Removing stm32f30x_adc.o(i.ADC_GetConversionValue), (8 bytes).
    Removing stm32f30x_adc.o(i.ADC_GetDisableCmdStatus), (20 bytes).
    Removing stm32f30x_adc.o(i.ADC_GetDualModeConversionValue), (40 bytes).
    Removing stm32f30x_adc.o(i.ADC_GetFlagStatus), (18 bytes).
    Removing stm32f30x_adc.o(i.ADC_GetITStatus), (34 bytes).
    Removing stm32f30x_adc.o(i.ADC_GetInjectedConversionValue), (32 bytes).
    Removing stm32f30x_adc.o(i.ADC_GetStartConversionStatus), (20 bytes).
    Removing stm32f30x_adc.o(i.ADC_GetStartInjectedConversionStatus), (20 bytes).
    Removing stm32f30x_adc.o(i.ADC_ITConfig), (18 bytes).
    Removing stm32f30x_adc.o(i.ADC_Init), (64 bytes).
    Removing stm32f30x_adc.o(i.ADC_InjectedChannelSampleTimeConfig), (82 bytes).
    Removing stm32f30x_adc.o(i.ADC_InjectedDiscModeCmd), (22 bytes).
    Removing stm32f30x_adc.o(i.ADC_InjectedInit), (48 bytes).
    Removing stm32f30x_adc.o(i.ADC_InjectedStructInit), (20 bytes).
    Removing stm32f30x_adc.o(i.ADC_RegularChannelConfig), (250 bytes).
    Removing stm32f30x_adc.o(i.ADC_RegularChannelSequencerLengthConfig), (18 bytes).
    Removing stm32f30x_adc.o(i.ADC_SelectCalibrationMode), (16 bytes).
    Removing stm32f30x_adc.o(i.ADC_SelectDifferentialMode), (36 bytes).
    Removing stm32f30x_adc.o(i.ADC_SelectQueueOfContextMode), (22 bytes).
    Removing stm32f30x_adc.o(i.ADC_SetCalibrationValue), (6 bytes).
    Removing stm32f30x_adc.o(i.ADC_SetChannelOffset1), (32 bytes).
    Removing stm32f30x_adc.o(i.ADC_SetChannelOffset2), (32 bytes).
    Removing stm32f30x_adc.o(i.ADC_SetChannelOffset3), (32 bytes).
    Removing stm32f30x_adc.o(i.ADC_SetChannelOffset4), (32 bytes).
    Removing stm32f30x_adc.o(i.ADC_StartCalibration), (10 bytes).
    Removing stm32f30x_adc.o(i.ADC_StartConversion), (10 bytes).
    Removing stm32f30x_adc.o(i.ADC_StartInjectedConversion), (10 bytes).
    Removing stm32f30x_adc.o(i.ADC_StopConversion), (10 bytes).
    Removing stm32f30x_adc.o(i.ADC_StopInjectedConversion), (10 bytes).
    Removing stm32f30x_adc.o(i.ADC_StructInit), (22 bytes).
    Removing stm32f30x_adc.o(i.ADC_TempSensorCmd), (44 bytes).
    Removing stm32f30x_adc.o(i.ADC_VbatCmd), (44 bytes).
    Removing stm32f30x_adc.o(i.ADC_VoltageRegulatorCmd), (30 bytes).
    Removing stm32f30x_adc.o(i.ADC_VrefintCmd), (92 bytes).
    Removing stm32f30x_can.o(.rev16_text), (4 bytes).
    Removing stm32f30x_can.o(.revsh_text), (4 bytes).
    Removing stm32f30x_can.o(.rrx_text), (6 bytes).
    Removing stm32f30x_can.o(i.CAN_CancelTransmit), (48 bytes).
    Removing stm32f30x_can.o(i.CAN_ClearFlag), (56 bytes).
    Removing stm32f30x_can.o(i.CAN_ClearITPendingBit), (168 bytes).
    Removing stm32f30x_can.o(i.CAN_DBGFreeze), (22 bytes).
    Removing stm32f30x_can.o(i.CAN_FIFORelease), (22 bytes).
    Removing stm32f30x_can.o(i.CAN_GetFlagStatus), (120 bytes).
    Removing stm32f30x_can.o(i.CAN_GetITStatus), (288 bytes).
    Removing stm32f30x_can.o(i.CAN_GetLSBTransmitErrorCounter), (12 bytes).
    Removing stm32f30x_can.o(i.CAN_GetLastErrorCode), (12 bytes).
    Removing stm32f30x_can.o(i.CAN_GetReceiveErrorCounter), (10 bytes).
    Removing stm32f30x_can.o(i.CAN_ITConfig), (18 bytes).
    Removing stm32f30x_can.o(i.CAN_MessagePending), (30 bytes).
    Removing stm32f30x_can.o(i.CAN_OperatingModeRequest), (162 bytes).
    Removing stm32f30x_can.o(i.CAN_Receive), (240 bytes).
    Removing stm32f30x_can.o(i.CAN_SlaveStartBank), (52 bytes).
    Removing stm32f30x_can.o(i.CAN_Sleep), (30 bytes).
    Removing stm32f30x_can.o(i.CAN_TTComModeCmd), (118 bytes).
    Removing stm32f30x_can.o(i.CAN_WakeUp), (48 bytes).
    Removing stm32f30x_can.o(i.CheckITStatus), (18 bytes).
    Removing stm32f30x_comp.o(.rev16_text), (4 bytes).
    Removing stm32f30x_comp.o(.revsh_text), (4 bytes).
    Removing stm32f30x_comp.o(.rrx_text), (6 bytes).
    Removing stm32f30x_comp.o(i.COMP_Cmd), (44 bytes).
    Removing stm32f30x_comp.o(i.COMP_DeInit), (16 bytes).
    Removing stm32f30x_comp.o(i.COMP_GetOutputLevel), (32 bytes).
    Removing stm32f30x_comp.o(i.COMP_Init), (56 bytes).
    Removing stm32f30x_comp.o(i.COMP_LockConfig), (24 bytes).
    Removing stm32f30x_comp.o(i.COMP_StructInit), (20 bytes).
    Removing stm32f30x_comp.o(i.COMP_SwitchCmd), (44 bytes).
    Removing stm32f30x_comp.o(i.COMP_WindowCmd), (44 bytes).
    Removing stm32f30x_crc.o(.rev16_text), (4 bytes).
    Removing stm32f30x_crc.o(.revsh_text), (4 bytes).
    Removing stm32f30x_crc.o(.rrx_text), (6 bytes).
    Removing stm32f30x_crc.o(i.CRC_CalcBlockCRC), (36 bytes).
    Removing stm32f30x_crc.o(i.CRC_CalcCRC), (16 bytes).
    Removing stm32f30x_crc.o(i.CRC_CalcCRC16bits), (16 bytes).
    Removing stm32f30x_crc.o(i.CRC_CalcCRC8bits), (16 bytes).
    Removing stm32f30x_crc.o(i.CRC_DeInit), (36 bytes).
    Removing stm32f30x_crc.o(i.CRC_GetCRC), (12 bytes).
    Removing stm32f30x_crc.o(i.CRC_GetIDRegister), (12 bytes).
    Removing stm32f30x_crc.o(i.CRC_PolynomialSizeSelect), (24 bytes).
    Removing stm32f30x_crc.o(i.CRC_ResetDR), (20 bytes).
    Removing stm32f30x_crc.o(i.CRC_ReverseInputDataSelect), (24 bytes).
    Removing stm32f30x_crc.o(i.CRC_ReverseOutputDataCmd), (36 bytes).
    Removing stm32f30x_crc.o(i.CRC_SetIDRegister), (12 bytes).
    Removing stm32f30x_crc.o(i.CRC_SetInitRegister), (12 bytes).
    Removing stm32f30x_crc.o(i.CRC_SetPolynomial), (12 bytes).
    Removing stm32f30x_dac.o(.rev16_text), (4 bytes).
    Removing stm32f30x_dac.o(.revsh_text), (4 bytes).
    Removing stm32f30x_dac.o(.rrx_text), (6 bytes).
    Removing stm32f30x_dac.o(i.DAC_ClearFlag), (8 bytes).
    Removing stm32f30x_dac.o(i.DAC_ClearITPendingBit), (8 bytes).
    Removing stm32f30x_dac.o(i.DAC_Cmd), (28 bytes).
    Removing stm32f30x_dac.o(i.DAC_DMACmd), (32 bytes).
    Removing stm32f30x_dac.o(i.DAC_DeInit), (56 bytes).
    Removing stm32f30x_dac.o(i.DAC_DualSoftwareTriggerCmd), (22 bytes).
    Removing stm32f30x_dac.o(i.DAC_GetDataOutputValue), (30 bytes).
    Removing stm32f30x_dac.o(i.DAC_GetFlagStatus), (24 bytes).
    Removing stm32f30x_dac.o(i.DAC_GetITStatus), (38 bytes).
    Removing stm32f30x_dac.o(i.DAC_ITConfig), (28 bytes).
    Removing stm32f30x_dac.o(i.DAC_Init), (42 bytes).
    Removing stm32f30x_dac.o(i.DAC_SetChannel1Data), (24 bytes).
    Removing stm32f30x_dac.o(i.DAC_SetChannel2Data), (24 bytes).
    Removing stm32f30x_dac.o(i.DAC_SetDualChannelData), (32 bytes).
    Removing stm32f30x_dac.o(i.DAC_SoftwareTriggerCmd), (32 bytes).
    Removing stm32f30x_dac.o(i.DAC_StructInit), (14 bytes).
    Removing stm32f30x_dac.o(i.DAC_WaveGenerationCmd), (28 bytes).
    Removing stm32f30x_dbgmcu.o(.rev16_text), (4 bytes).
    Removing stm32f30x_dbgmcu.o(.revsh_text), (4 bytes).
    Removing stm32f30x_dbgmcu.o(.rrx_text), (6 bytes).
    Removing stm32f30x_dbgmcu.o(i.DBGMCU_APB1PeriphConfig), (32 bytes).
    Removing stm32f30x_dbgmcu.o(i.DBGMCU_APB2PeriphConfig), (32 bytes).
    Removing stm32f30x_dbgmcu.o(i.DBGMCU_Config), (32 bytes).
    Removing stm32f30x_dbgmcu.o(i.DBGMCU_GetDEVID), (16 bytes).
    Removing stm32f30x_dbgmcu.o(i.DBGMCU_GetREVID), (12 bytes).
    Removing stm32f30x_dma.o(.rev16_text), (4 bytes).
    Removing stm32f30x_dma.o(.revsh_text), (4 bytes).
    Removing stm32f30x_dma.o(.rrx_text), (6 bytes).
    Removing stm32f30x_dma.o(i.DMA_ClearFlag), (28 bytes).
    Removing stm32f30x_dma.o(i.DMA_ClearITPendingBit), (28 bytes).
    Removing stm32f30x_dma.o(i.DMA_Cmd), (24 bytes).
    Removing stm32f30x_dma.o(i.DMA_DeInit), (332 bytes).
    Removing stm32f30x_dma.o(i.DMA_GetCurrDataCounter), (8 bytes).
    Removing stm32f30x_dma.o(i.DMA_GetFlagStatus), (44 bytes).
    Removing stm32f30x_dma.o(i.DMA_GetITStatus), (44 bytes).
    Removing stm32f30x_dma.o(i.DMA_ITConfig), (18 bytes).
    Removing stm32f30x_dma.o(i.DMA_Init), (60 bytes).
    Removing stm32f30x_dma.o(i.DMA_SetCurrDataCounter), (4 bytes).
    Removing stm32f30x_dma.o(i.DMA_StructInit), (26 bytes).
    Removing stm32f30x_exti.o(.rev16_text), (4 bytes).
    Removing stm32f30x_exti.o(.revsh_text), (4 bytes).
    Removing stm32f30x_exti.o(.rrx_text), (6 bytes).
    Removing stm32f30x_exti.o(i.EXTI_ClearFlag), (28 bytes).
    Removing stm32f30x_exti.o(i.EXTI_ClearITPendingBit), (28 bytes).
    Removing stm32f30x_exti.o(i.EXTI_DeInit), (72 bytes).
    Removing stm32f30x_exti.o(i.EXTI_GenerateSWInterrupt), (40 bytes).
    Removing stm32f30x_exti.o(i.EXTI_GetFlagStatus), (44 bytes).
    Removing stm32f30x_exti.o(i.EXTI_GetITStatus), (44 bytes).
    Removing stm32f30x_exti.o(i.EXTI_Init), (364 bytes).
    Removing stm32f30x_exti.o(i.EXTI_StructInit), (16 bytes).
    Removing stm32f30x_flash.o(.rev16_text), (4 bytes).
    Removing stm32f30x_flash.o(.revsh_text), (4 bytes).
    Removing stm32f30x_flash.o(.rrx_text), (6 bytes).
    Removing stm32f30x_flash.o(i.FLASH_ClearFlag), (12 bytes).
    Removing stm32f30x_flash.o(i.FLASH_EraseAllPages), (72 bytes).
    Removing stm32f30x_flash.o(i.FLASH_ErasePage), (76 bytes).
    Removing stm32f30x_flash.o(i.FLASH_GetFlagStatus), (24 bytes).
    Removing stm32f30x_flash.o(i.FLASH_GetStatus), (52 bytes).
    Removing stm32f30x_flash.o(i.FLASH_HalfCycleAccessCmd), (36 bytes).
    Removing stm32f30x_flash.o(i.FLASH_ITConfig), (32 bytes).
    Removing stm32f30x_flash.o(i.FLASH_Lock), (20 bytes).
    Removing stm32f30x_flash.o(i.FLASH_OB_BOOTConfig), (96 bytes).
    Removing stm32f30x_flash.o(i.FLASH_OB_EnableWRP), (188 bytes).
    Removing stm32f30x_flash.o(i.FLASH_OB_Erase), (148 bytes).
    Removing stm32f30x_flash.o(i.FLASH_OB_GetRDP), (24 bytes).
    Removing stm32f30x_flash.o(i.FLASH_OB_GetUser), (16 bytes).
    Removing stm32f30x_flash.o(i.FLASH_OB_GetWRP), (12 bytes).
    Removing stm32f30x_flash.o(i.FLASH_OB_Launch), (20 bytes).
    Removing stm32f30x_flash.o(i.FLASH_OB_Lock), (20 bytes).
    Removing stm32f30x_flash.o(i.FLASH_OB_RDPConfig), (140 bytes).
    Removing stm32f30x_flash.o(i.FLASH_OB_SRAMParityConfig), (80 bytes).
    Removing stm32f30x_flash.o(i.FLASH_OB_Unlock), (36 bytes).
    Removing stm32f30x_flash.o(i.FLASH_OB_UserConfig), (108 bytes).
    Removing stm32f30x_flash.o(i.FLASH_OB_VDDAConfig), (96 bytes).
    Removing stm32f30x_flash.o(i.FLASH_OB_WriteUser), (96 bytes).
    Removing stm32f30x_flash.o(i.FLASH_PrefetchBufferCmd), (36 bytes).
    Removing stm32f30x_flash.o(i.FLASH_ProgramHalfWord), (68 bytes).
    Removing stm32f30x_flash.o(i.FLASH_ProgramOptionByteData), (72 bytes).
    Removing stm32f30x_flash.o(i.FLASH_ProgramWord), (108 bytes).
    Removing stm32f30x_flash.o(i.FLASH_SetLatency), (24 bytes).
    Removing stm32f30x_flash.o(i.FLASH_Unlock), (36 bytes).
    Removing stm32f30x_flash.o(i.FLASH_WaitForLastOperation), (38 bytes).
    Removing stm32f30x_fmc.o(.rev16_text), (4 bytes).
    Removing stm32f30x_fmc.o(.revsh_text), (4 bytes).
    Removing stm32f30x_fmc.o(.rrx_text), (6 bytes).
    Removing stm32f30x_fmc.o(i.FMC_ClearFlag), (64 bytes).
    Removing stm32f30x_fmc.o(i.FMC_ClearITPendingBit), (72 bytes).
    Removing stm32f30x_fmc.o(i.FMC_GetECC), (28 bytes).
    Removing stm32f30x_fmc.o(i.FMC_GetFlagStatus), (60 bytes).
    Removing stm32f30x_fmc.o(i.FMC_GetITStatus), (68 bytes).
    Removing stm32f30x_fmc.o(i.FMC_ITConfig), (128 bytes).
    Removing stm32f30x_fmc.o(i.FMC_NANDCmd), (92 bytes).
    Removing stm32f30x_fmc.o(i.FMC_NANDDeInit), (68 bytes).
    Removing stm32f30x_fmc.o(i.FMC_NANDECCCmd), (92 bytes).
    Removing stm32f30x_fmc.o(i.FMC_NANDInit), (136 bytes).
    Removing stm32f30x_fmc.o(i.FMC_NANDStructInit), (58 bytes).
    Removing stm32f30x_fmc.o(i.FMC_NORSRAMCmd), (52 bytes).
    Removing stm32f30x_fmc.o(i.FMC_NORSRAMDeInit), (54 bytes).
    Removing stm32f30x_fmc.o(i.FMC_NORSRAMInit), (238 bytes).
    Removing stm32f30x_fmc.o(i.FMC_NORSRAMStructInit), (122 bytes).
    Removing stm32f30x_fmc.o(i.FMC_PCCARDCmd), (48 bytes).
    Removing stm32f30x_fmc.o(i.FMC_PCCARDDeInit), (40 bytes).
    Removing stm32f30x_fmc.o(i.FMC_PCCARDInit), (132 bytes).
    Removing stm32f30x_fmc.o(i.FMC_PCCARDStructInit), (60 bytes).
    Removing stm32f30x_gpio.o(.rev16_text), (4 bytes).
    Removing stm32f30x_gpio.o(.revsh_text), (4 bytes).
    Removing stm32f30x_gpio.o(.rrx_text), (6 bytes).
    Removing stm32f30x_gpio.o(i.GPIO_DeInit), (236 bytes).
    Removing stm32f30x_gpio.o(i.GPIO_PinLockConfig), (18 bytes).
    Removing stm32f30x_gpio.o(i.GPIO_ReadInputData), (6 bytes).
    Removing stm32f30x_gpio.o(i.GPIO_ReadInputDataBit), (18 bytes).
    Removing stm32f30x_gpio.o(i.GPIO_ReadOutputData), (6 bytes).
    Removing stm32f30x_gpio.o(i.GPIO_ReadOutputDataBit), (18 bytes).
    Removing stm32f30x_gpio.o(i.GPIO_ResetBits), (4 bytes).
    Removing stm32f30x_gpio.o(i.GPIO_SetBits), (4 bytes).
    Removing stm32f30x_gpio.o(i.GPIO_StructInit), (22 bytes).
    Removing stm32f30x_gpio.o(i.GPIO_Write), (4 bytes).
    Removing stm32f30x_gpio.o(i.GPIO_WriteBit), (10 bytes).
    Removing stm32f30x_i2c.o(.rev16_text), (4 bytes).
    Removing stm32f30x_i2c.o(.revsh_text), (4 bytes).
    Removing stm32f30x_i2c.o(.rrx_text), (6 bytes).
    Removing stm32f30x_i2c.o(i.I2C_10BitAddressHeaderCmd), (22 bytes).
    Removing stm32f30x_i2c.o(i.I2C_10BitAddressingModeCmd), (22 bytes).
    Removing stm32f30x_i2c.o(i.I2C_AcknowledgeConfig), (22 bytes).
    Removing stm32f30x_i2c.o(i.I2C_AutoEndCmd), (22 bytes).
    Removing stm32f30x_i2c.o(i.I2C_CalculatePEC), (22 bytes).
    Removing stm32f30x_i2c.o(i.I2C_ClearFlag), (4 bytes).
    Removing stm32f30x_i2c.o(i.I2C_ClearITPendingBit), (4 bytes).
    Removing stm32f30x_i2c.o(i.I2C_ClockTimeoutCmd), (22 bytes).
    Removing stm32f30x_i2c.o(i.I2C_Cmd), (22 bytes).
    Removing stm32f30x_i2c.o(i.I2C_DMACmd), (18 bytes).
    Removing stm32f30x_i2c.o(i.I2C_DeInit), (56 bytes).
    Removing stm32f30x_i2c.o(i.I2C_DualAddressCmd), (22 bytes).
    Removing stm32f30x_i2c.o(i.I2C_ExtendedClockTimeoutCmd), (22 bytes).
    Removing stm32f30x_i2c.o(i.I2C_GeneralCallCmd), (22 bytes).
    Removing stm32f30x_i2c.o(i.I2C_GenerateSTART), (22 bytes).
    Removing stm32f30x_i2c.o(i.I2C_GenerateSTOP), (22 bytes).
    Removing stm32f30x_i2c.o(i.I2C_GetAddressMatched), (12 bytes).
    Removing stm32f30x_i2c.o(i.I2C_GetFlagStatus), (22 bytes).
    Removing stm32f30x_i2c.o(i.I2C_GetITStatus), (60 bytes).
    Removing stm32f30x_i2c.o(i.I2C_GetPEC), (8 bytes).
    Removing stm32f30x_i2c.o(i.I2C_GetTransferDirection), (22 bytes).
    Removing stm32f30x_i2c.o(i.I2C_ITConfig), (18 bytes).
    Removing stm32f30x_i2c.o(i.I2C_IdleClockTimeoutCmd), (22 bytes).
    Removing stm32f30x_i2c.o(i.I2C_Init), (104 bytes).
    Removing stm32f30x_i2c.o(i.I2C_MasterRequestConfig), (22 bytes).
    Removing stm32f30x_i2c.o(i.I2C_NumberOfBytesConfig), (24 bytes).
    Removing stm32f30x_i2c.o(i.I2C_OwnAddress2Config), (34 bytes).
    Removing stm32f30x_i2c.o(i.I2C_PECRequestCmd), (22 bytes).
    Removing stm32f30x_i2c.o(i.I2C_ReadRegister), (22 bytes).
    Removing stm32f30x_i2c.o(i.I2C_ReceiveData), (8 bytes).
    Removing stm32f30x_i2c.o(i.I2C_ReloadCmd), (22 bytes).
    Removing stm32f30x_i2c.o(i.I2C_SMBusAlertCmd), (22 bytes).
    Removing stm32f30x_i2c.o(i.I2C_SendData), (4 bytes).
    Removing stm32f30x_i2c.o(i.I2C_SlaveAddressConfig), (20 bytes).
    Removing stm32f30x_i2c.o(i.I2C_SlaveByteControlCmd), (22 bytes).
    Removing stm32f30x_i2c.o(i.I2C_SoftwareResetCmd), (20 bytes).
    Removing stm32f30x_i2c.o(i.I2C_StopModeCmd), (22 bytes).
    Removing stm32f30x_i2c.o(i.I2C_StretchClockCmd), (22 bytes).
    Removing stm32f30x_i2c.o(i.I2C_StructInit), (24 bytes).
    Removing stm32f30x_i2c.o(i.I2C_TimeoutAConfig), (20 bytes).
    Removing stm32f30x_i2c.o(i.I2C_TimeoutBConfig), (28 bytes).
    Removing stm32f30x_i2c.o(i.I2C_TransferHandling), (44 bytes).
    Removing stm32f30x_iwdg.o(.rev16_text), (4 bytes).
    Removing stm32f30x_iwdg.o(.revsh_text), (4 bytes).
    Removing stm32f30x_iwdg.o(.rrx_text), (6 bytes).
    Removing stm32f30x_iwdg.o(i.IWDG_Enable), (16 bytes).
    Removing stm32f30x_iwdg.o(i.IWDG_GetFlagStatus), (24 bytes).
    Removing stm32f30x_iwdg.o(i.IWDG_ReloadCounter), (16 bytes).
    Removing stm32f30x_iwdg.o(i.IWDG_SetPrescaler), (12 bytes).
    Removing stm32f30x_iwdg.o(i.IWDG_SetReload), (12 bytes).
    Removing stm32f30x_iwdg.o(i.IWDG_SetWindowValue), (12 bytes).
    Removing stm32f30x_iwdg.o(i.IWDG_WriteAccessCmd), (12 bytes).
    Removing stm32f30x_misc.o(.rev16_text), (4 bytes).
    Removing stm32f30x_misc.o(.revsh_text), (4 bytes).
    Removing stm32f30x_misc.o(.rrx_text), (6 bytes).
    Removing stm32f30x_misc.o(i.NVIC_PriorityGroupConfig), (20 bytes).
    Removing stm32f30x_misc.o(i.NVIC_SetVectorTable), (20 bytes).
    Removing stm32f30x_misc.o(i.NVIC_SystemLPConfig), (32 bytes).
    Removing stm32f30x_misc.o(i.SysTick_CLKSourceConfig), (40 bytes).
    Removing stm32f30x_opamp.o(.rev16_text), (4 bytes).
    Removing stm32f30x_opamp.o(.revsh_text), (4 bytes).
    Removing stm32f30x_opamp.o(.rrx_text), (6 bytes).
    Removing stm32f30x_opamp.o(i.OPAMP_Cmd), (44 bytes).
    Removing stm32f30x_opamp.o(i.OPAMP_DeInit), (16 bytes).
    Removing stm32f30x_opamp.o(i.OPAMP_GetOutputLevel), (32 bytes).
    Removing stm32f30x_opamp.o(i.OPAMP_Init), (36 bytes).
    Removing stm32f30x_opamp.o(i.OPAMP_LockConfig), (24 bytes).
    Removing stm32f30x_opamp.o(i.OPAMP_OffsetTrimConfig), (36 bytes).
    Removing stm32f30x_opamp.o(i.OPAMP_OffsetTrimModeSelect), (36 bytes).
    Removing stm32f30x_opamp.o(i.OPAMP_PGAConfig), (44 bytes).
    Removing stm32f30x_opamp.o(i.OPAMP_StartCalibration), (44 bytes).
    Removing stm32f30x_opamp.o(i.OPAMP_StructInit), (8 bytes).
    Removing stm32f30x_opamp.o(i.OPAMP_TimerControlledMuxCmd), (44 bytes).
    Removing stm32f30x_opamp.o(i.OPAMP_TimerControlledMuxConfig), (40 bytes).
    Removing stm32f30x_opamp.o(i.OPAMP_VrefConfig), (28 bytes).
    Removing stm32f30x_opamp.o(i.OPAMP_VrefConnectADCCmd), (44 bytes).
    Removing stm32f30x_opamp.o(i.OPAMP_VrefConnectNonInvertingInput), (44 bytes).
    Removing stm32f30x_pwr.o(.rev16_text), (4 bytes).
    Removing stm32f30x_pwr.o(.revsh_text), (4 bytes).
    Removing stm32f30x_pwr.o(.rrx_text), (6 bytes).
    Removing stm32f30x_pwr.o(i.PWR_BackupAccessCmd), (12 bytes).
    Removing stm32f30x_pwr.o(i.PWR_ClearFlag), (20 bytes).
    Removing stm32f30x_pwr.o(i.PWR_DeInit), (22 bytes).
    Removing stm32f30x_pwr.o(i.PWR_EnterSTANDBYMode), (40 bytes).
    Removing stm32f30x_pwr.o(i.PWR_EnterSTOPMode), (64 bytes).
    Removing stm32f30x_pwr.o(i.PWR_EnterSleepMode), (32 bytes).
    Removing stm32f30x_pwr.o(i.PWR_GetFlagStatus), (24 bytes).
    Removing stm32f30x_pwr.o(i.PWR_PVDCmd), (12 bytes).
    Removing stm32f30x_pwr.o(i.PWR_PVDLevelConfig), (24 bytes).
    Removing stm32f30x_pwr.o(i.PWR_WakeUpPinCmd), (32 bytes).
    Removing stm32f30x_rcc.o(.rev16_text), (4 bytes).
    Removing stm32f30x_rcc.o(.revsh_text), (4 bytes).
    Removing stm32f30x_rcc.o(.rrx_text), (6 bytes).
    Removing stm32f30x_rcc.o(i.RCC_ADCCLKConfig), (48 bytes).
    Removing stm32f30x_rcc.o(i.RCC_AHBPeriphResetCmd), (32 bytes).
    Removing stm32f30x_rcc.o(i.RCC_APB2PeriphClockCmd), (32 bytes).
    Removing stm32f30x_rcc.o(i.RCC_APB2PeriphResetCmd), (32 bytes).
    Removing stm32f30x_rcc.o(i.RCC_AdjustHSICalibrationValue), (24 bytes).
    Removing stm32f30x_rcc.o(i.RCC_BackupResetCmd), (12 bytes).
    Removing stm32f30x_rcc.o(i.RCC_ClearFlag), (20 bytes).
    Removing stm32f30x_rcc.o(i.RCC_ClearITPendingBit), (12 bytes).
    Removing stm32f30x_rcc.o(i.RCC_ClockSecuritySystemCmd), (12 bytes).
    Removing stm32f30x_rcc.o(i.RCC_DeInit), (100 bytes).
    Removing stm32f30x_rcc.o(i.RCC_GetClocksFreq), (1384 bytes).
    Removing stm32f30x_rcc.o(i.RCC_GetFlagStatus), (68 bytes).
    Removing stm32f30x_rcc.o(i.RCC_GetITStatus), (24 bytes).
    Removing stm32f30x_rcc.o(i.RCC_GetSYSCLKSource), (16 bytes).
    Removing stm32f30x_rcc.o(i.RCC_HCLKConfig), (24 bytes).
    Removing stm32f30x_rcc.o(i.RCC_HRTIM1CLKConfig), (28 bytes).
    Removing stm32f30x_rcc.o(i.RCC_HSEConfig), (16 bytes).
    Removing stm32f30x_rcc.o(i.RCC_HSICmd), (12 bytes).
    Removing stm32f30x_rcc.o(i.RCC_I2CCLKConfig), (80 bytes).
    Removing stm32f30x_rcc.o(i.RCC_I2SCLKConfig), (12 bytes).
    Removing stm32f30x_rcc.o(i.RCC_ITConfig), (32 bytes).
    Removing stm32f30x_rcc.o(i.RCC_LSEConfig), (36 bytes).
    Removing stm32f30x_rcc.o(i.RCC_LSEDriveConfig), (28 bytes).
    Removing stm32f30x_rcc.o(i.RCC_LSICmd), (12 bytes).
    Removing stm32f30x_rcc.o(i.RCC_MCOConfig), (28 bytes).
    Removing stm32f30x_rcc.o(i.RCC_PCLK1Config), (24 bytes).
    Removing stm32f30x_rcc.o(i.RCC_PCLK2Config), (24 bytes).
    Removing stm32f30x_rcc.o(i.RCC_PLLCmd), (12 bytes).
    Removing stm32f30x_rcc.o(i.RCC_PLLConfig), (32 bytes).
    Removing stm32f30x_rcc.o(i.RCC_PREDIV1Config), (24 bytes).
    Removing stm32f30x_rcc.o(i.RCC_RTCCLKCmd), (12 bytes).
    Removing stm32f30x_rcc.o(i.RCC_RTCCLKConfig), (16 bytes).
    Removing stm32f30x_rcc.o(i.RCC_SYSCLKConfig), (24 bytes).
    Removing stm32f30x_rcc.o(i.RCC_TIMCLKConfig), (152 bytes).
    Removing stm32f30x_rcc.o(i.RCC_USARTCLKConfig), (108 bytes).
    Removing stm32f30x_rcc.o(i.RCC_USBCLKConfig), (12 bytes).
    Removing stm32f30x_rcc.o(i.RCC_WaitForHSEStartUp), (56 bytes).
    Removing stm32f30x_rcc.o(.data), (48 bytes).
    Removing stm32f30x_rtc.o(.rev16_text), (4 bytes).
    Removing stm32f30x_rtc.o(.revsh_text), (4 bytes).
    Removing stm32f30x_rtc.o(.rrx_text), (6 bytes).
    Removing stm32f30x_rtc.o(i.RTC_AlarmCmd), (116 bytes).
    Removing stm32f30x_rtc.o(i.RTC_AlarmStructInit), (22 bytes).
    Removing stm32f30x_rtc.o(i.RTC_AlarmSubSecondConfig), (52 bytes).
    Removing stm32f30x_rtc.o(i.RTC_Bcd2ToByte), (22 bytes).
    Removing stm32f30x_rtc.o(i.RTC_BypassShadowCmd), (60 bytes).
    Removing stm32f30x_rtc.o(i.RTC_ByteToBcd2), (28 bytes).
    Removing stm32f30x_rtc.o(i.RTC_CalibOutputCmd), (60 bytes).
    Removing stm32f30x_rtc.o(i.RTC_CalibOutputConfig), (48 bytes).
    Removing stm32f30x_rtc.o(i.RTC_ClearFlag), (32 bytes).
    Removing stm32f30x_rtc.o(i.RTC_ClearITPendingBit), (32 bytes).
    Removing stm32f30x_rtc.o(i.RTC_DateStructInit), (14 bytes).
    Removing stm32f30x_rtc.o(i.RTC_DayLightSavingConfig), (56 bytes).
    Removing stm32f30x_rtc.o(i.RTC_DeInit), (208 bytes).
    Removing stm32f30x_rtc.o(i.RTC_EnterInitMode), (80 bytes).
    Removing stm32f30x_rtc.o(i.RTC_ExitInitMode), (20 bytes).
    Removing stm32f30x_rtc.o(i.RTC_GetAlarm), (116 bytes).
    Removing stm32f30x_rtc.o(i.RTC_GetAlarmSubSecond), (36 bytes).
    Removing stm32f30x_rtc.o(i.RTC_GetDate), (80 bytes).
    Removing stm32f30x_rtc.o(i.RTC_GetFlagStatus), (40 bytes).
    Removing stm32f30x_rtc.o(i.RTC_GetITStatus), (68 bytes).
    Removing stm32f30x_rtc.o(i.RTC_GetStoreOperation), (16 bytes).
    Removing stm32f30x_rtc.o(i.RTC_GetSubSecond), (20 bytes).
    Removing stm32f30x_rtc.o(i.RTC_GetTime), (80 bytes).
    Removing stm32f30x_rtc.o(i.RTC_GetTimeStamp), (156 bytes).
    Removing stm32f30x_rtc.o(i.RTC_GetTimeStampSubSecond), (12 bytes).
    Removing stm32f30x_rtc.o(i.RTC_GetWakeUpCounter), (12 bytes).
    Removing stm32f30x_rtc.o(i.RTC_ITConfig), (100 bytes).
    Removing stm32f30x_rtc.o(i.RTC_Init), (100 bytes).
    Removing stm32f30x_rtc.o(i.RTC_OutputConfig), (56 bytes).
    Removing stm32f30x_rtc.o(i.RTC_OutputTypeConfig), (28 bytes).
    Removing stm32f30x_rtc.o(i.RTC_ReadBackupRegister), (32 bytes).
    Removing stm32f30x_rtc.o(i.RTC_RefClockCmd), (80 bytes).
    Removing stm32f30x_rtc.o(i.RTC_SetAlarm), (236 bytes).
    Removing stm32f30x_rtc.o(i.RTC_SetDate), (200 bytes).
    Removing stm32f30x_rtc.o(i.RTC_SetTime), (208 bytes).
    Removing stm32f30x_rtc.o(i.RTC_SetWakeUpCounter), (28 bytes).
    Removing stm32f30x_rtc.o(i.RTC_SmoothCalibConfig), (96 bytes).
    Removing stm32f30x_rtc.o(i.RTC_StructInit), (14 bytes).
    Removing stm32f30x_rtc.o(i.RTC_SynchroShiftConfig), (124 bytes).
    Removing stm32f30x_rtc.o(i.RTC_TamperCmd), (32 bytes).
    Removing stm32f30x_rtc.o(i.RTC_TamperFilterConfig), (28 bytes).
    Removing stm32f30x_rtc.o(i.RTC_TamperPinsPrechargeDuration), (28 bytes).
    Removing stm32f30x_rtc.o(i.RTC_TamperPullUpCmd), (36 bytes).
    Removing stm32f30x_rtc.o(i.RTC_TamperSamplingFreqConfig), (28 bytes).
    Removing stm32f30x_rtc.o(i.RTC_TamperTriggerConfig), (36 bytes).
    Removing stm32f30x_rtc.o(i.RTC_TimeStampCmd), (56 bytes).
    Removing stm32f30x_rtc.o(i.RTC_TimeStampOnTamperDetectionCmd), (36 bytes).
    Removing stm32f30x_rtc.o(i.RTC_TimeStructInit), (12 bytes).
    Removing stm32f30x_rtc.o(i.RTC_WaitForSynchro), (116 bytes).
    Removing stm32f30x_rtc.o(i.RTC_WakeUpClockConfig), (48 bytes).
    Removing stm32f30x_rtc.o(i.RTC_WakeUpCmd), (120 bytes).
    Removing stm32f30x_rtc.o(i.RTC_WriteBackupRegister), (28 bytes).
    Removing stm32f30x_rtc.o(i.RTC_WriteProtectionCmd), (28 bytes).
    Removing stm32f30x_spi.o(.rev16_text), (4 bytes).
    Removing stm32f30x_spi.o(.revsh_text), (4 bytes).
    Removing stm32f30x_spi.o(.rrx_text), (6 bytes).
    Removing stm32f30x_spi.o(i.I2S_Cmd), (24 bytes).
    Removing stm32f30x_spi.o(i.I2S_FullDuplexConfig), (80 bytes).
    Removing stm32f30x_spi.o(i.I2S_Init), (216 bytes).
    Removing stm32f30x_spi.o(i.I2S_StructInit), (20 bytes).
    Removing stm32f30x_spi.o(i.SPI_BiDirectionalLineConfig), (28 bytes).
    Removing stm32f30x_spi.o(i.SPI_CRCLengthConfig), (18 bytes).
    Removing stm32f30x_spi.o(i.SPI_CalculateCRC), (24 bytes).
    Removing stm32f30x_spi.o(i.SPI_Cmd), (24 bytes).
    Removing stm32f30x_spi.o(i.SPI_DataSizeConfig), (18 bytes).
    Removing stm32f30x_spi.o(i.SPI_GetCRC), (16 bytes).
    Removing stm32f30x_spi.o(i.SPI_GetCRCPolynomial), (6 bytes).
    Removing stm32f30x_spi.o(i.SPI_GetReceptionFIFOStatus), (10 bytes).
    Removing stm32f30x_spi.o(i.SPI_GetTransmissionFIFOStatus), (10 bytes).
    Removing stm32f30x_spi.o(i.SPI_I2S_ClearFlag), (6 bytes).
    Removing stm32f30x_spi.o(i.SPI_I2S_DMACmd), (18 bytes).
    Removing stm32f30x_spi.o(i.SPI_I2S_DeInit), (120 bytes).
    Removing stm32f30x_spi.o(i.SPI_I2S_GetFlagStatus), (18 bytes).
    Removing stm32f30x_spi.o(i.SPI_I2S_GetITStatus), (52 bytes).
    Removing stm32f30x_spi.o(i.SPI_I2S_ITConfig), (32 bytes).
    Removing stm32f30x_spi.o(i.SPI_I2S_ReceiveData16), (6 bytes).
    Removing stm32f30x_spi.o(i.SPI_I2S_SendData16), (4 bytes).
    Removing stm32f30x_spi.o(i.SPI_Init), (130 bytes).
    Removing stm32f30x_spi.o(i.SPI_LastDMATransferCmd), (18 bytes).
    Removing stm32f30x_spi.o(i.SPI_NSSInternalSoftwareConfig), (30 bytes).
    Removing stm32f30x_spi.o(i.SPI_NSSPulseModeCmd), (24 bytes).
    Removing stm32f30x_spi.o(i.SPI_ReceiveData8), (12 bytes).
    Removing stm32f30x_spi.o(i.SPI_RxFIFOThresholdConfig), (18 bytes).
    Removing stm32f30x_spi.o(i.SPI_SSOutputCmd), (24 bytes).
    Removing stm32f30x_spi.o(i.SPI_SendData8), (10 bytes).
    Removing stm32f30x_spi.o(i.SPI_StructInit), (30 bytes).
    Removing stm32f30x_spi.o(i.SPI_TIModeCmd), (24 bytes).
    Removing stm32f30x_spi.o(i.SPI_TransmitCRC), (10 bytes).
    Removing stm32f30x_syscfg.o(.rev16_text), (4 bytes).
    Removing stm32f30x_syscfg.o(.revsh_text), (4 bytes).
    Removing stm32f30x_syscfg.o(.rrx_text), (6 bytes).
    Removing stm32f30x_syscfg.o(i.SYSCFG_ADCTriggerRemapConfig), (32 bytes).
    Removing stm32f30x_syscfg.o(i.SYSCFG_BreakConfig), (16 bytes).
    Removing stm32f30x_syscfg.o(i.SYSCFG_BypassParityCheckDisable), (12 bytes).
    Removing stm32f30x_syscfg.o(i.SYSCFG_ClearFlag), (16 bytes).
    Removing stm32f30x_syscfg.o(i.SYSCFG_DMAChannelRemapConfig), (68 bytes).
    Removing stm32f30x_syscfg.o(i.SYSCFG_DeInit), (56 bytes).
    Removing stm32f30x_syscfg.o(i.SYSCFG_EXTILineConfig), (64 bytes).
    Removing stm32f30x_syscfg.o(i.SYSCFG_EncoderRemapConfig), (28 bytes).
    Removing stm32f30x_syscfg.o(i.SYSCFG_GetFlagStatus), (28 bytes).
    Removing stm32f30x_syscfg.o(i.SYSCFG_I2CFastModePlusConfig), (32 bytes).
    Removing stm32f30x_syscfg.o(i.SYSCFG_ITConfig), (32 bytes).
    Removing stm32f30x_syscfg.o(i.SYSCFG_MemoryRemapConfig), (24 bytes).
    Removing stm32f30x_syscfg.o(i.SYSCFG_SRAMWRPEnable), (16 bytes).
    Removing stm32f30x_syscfg.o(i.SYSCFG_TriggerRemapConfig), (68 bytes).
    Removing stm32f30x_syscfg.o(i.SYSCFG_USBInterruptLineRemapCmd), (12 bytes).
    Removing stm32f30x_tim.o(.rev16_text), (4 bytes).
    Removing stm32f30x_tim.o(.revsh_text), (4 bytes).
    Removing stm32f30x_tim.o(.rrx_text), (6 bytes).
    Removing stm32f30x_tim.o(i.TI1_Config), (48 bytes).
    Removing stm32f30x_tim.o(i.TI2_Config), (66 bytes).
    Removing stm32f30x_tim.o(i.TI3_Config), (76 bytes).
    Removing stm32f30x_tim.o(i.TI4_Config), (84 bytes).
    Removing stm32f30x_tim.o(i.TIM_ARRPreloadConfig), (24 bytes).
    Removing stm32f30x_tim.o(i.TIM_BDTRConfig), (30 bytes).
    Removing stm32f30x_tim.o(i.TIM_BDTRStructInit), (18 bytes).
    Removing stm32f30x_tim.o(i.TIM_Break1Cmd), (22 bytes).
    Removing stm32f30x_tim.o(i.TIM_Break1Config), (22 bytes).
    Removing stm32f30x_tim.o(i.TIM_Break2Cmd), (22 bytes).
    Removing stm32f30x_tim.o(i.TIM_Break2Config), (22 bytes).
    Removing stm32f30x_tim.o(i.TIM_CCPreloadControl), (24 bytes).
    Removing stm32f30x_tim.o(i.TIM_CCxCmd), (28 bytes).
    Removing stm32f30x_tim.o(i.TIM_CCxNCmd), (28 bytes).
    Removing stm32f30x_tim.o(i.TIM_ClearFlag), (8 bytes).
    Removing stm32f30x_tim.o(i.TIM_ClearITPendingBit), (8 bytes).
    Removing stm32f30x_tim.o(i.TIM_ClearOC1Ref), (16 bytes).
    Removing stm32f30x_tim.o(i.TIM_ClearOC2Ref), (18 bytes).
    Removing stm32f30x_tim.o(i.TIM_ClearOC3Ref), (16 bytes).
    Removing stm32f30x_tim.o(i.TIM_ClearOC4Ref), (18 bytes).
    Removing stm32f30x_tim.o(i.TIM_ClearOC5Ref), (16 bytes).
    Removing stm32f30x_tim.o(i.TIM_ClearOC6Ref), (18 bytes).
    Removing stm32f30x_tim.o(i.TIM_Cmd), (24 bytes).
    Removing stm32f30x_tim.o(i.TIM_CounterModeConfig), (18 bytes).
    Removing stm32f30x_tim.o(i.TIM_CtrlPWMOutputs), (22 bytes).
    Removing stm32f30x_tim.o(i.TIM_DMACmd), (24 bytes).
    Removing stm32f30x_tim.o(i.TIM_DMAConfig), (10 bytes).
    Removing stm32f30x_tim.o(i.TIM_DeInit), (316 bytes).
    Removing stm32f30x_tim.o(i.TIM_ETRClockMode1Config), (56 bytes).
    Removing stm32f30x_tim.o(i.TIM_ETRClockMode2Config), (32 bytes).
    Removing stm32f30x_tim.o(i.TIM_ETRConfig), (30 bytes).
    Removing stm32f30x_tim.o(i.TIM_EncoderInterfaceConfig), (72 bytes).
    Removing stm32f30x_tim.o(i.TIM_ForcedOC1Config), (20 bytes).
    Removing stm32f30x_tim.o(i.TIM_ForcedOC2Config), (24 bytes).
    Removing stm32f30x_tim.o(i.TIM_ForcedOC3Config), (16 bytes).
    Removing stm32f30x_tim.o(i.TIM_ForcedOC4Config), (18 bytes).
    Removing stm32f30x_tim.o(i.TIM_ForcedOC5Config), (16 bytes).
    Removing stm32f30x_tim.o(i.TIM_ForcedOC6Config), (18 bytes).
    Removing stm32f30x_tim.o(i.TIM_GenerateEvent), (4 bytes).
    Removing stm32f30x_tim.o(i.TIM_GetCapture1), (6 bytes).
    Removing stm32f30x_tim.o(i.TIM_GetCapture2), (6 bytes).
    Removing stm32f30x_tim.o(i.TIM_GetCapture3), (6 bytes).
    Removing stm32f30x_tim.o(i.TIM_GetCapture4), (6 bytes).
    Removing stm32f30x_tim.o(i.TIM_GetCounter), (6 bytes).
    Removing stm32f30x_tim.o(i.TIM_GetFlagStatus), (18 bytes).
    Removing stm32f30x_tim.o(i.TIM_GetITStatus), (34 bytes).
    Removing stm32f30x_tim.o(i.TIM_GetPrescaler), (6 bytes).
    Removing stm32f30x_tim.o(i.TIM_ICInit), (110 bytes).
    Removing stm32f30x_tim.o(i.TIM_ICStructInit), (18 bytes).
    Removing stm32f30x_tim.o(i.TIM_ITConfig), (24 bytes).
    Removing stm32f30x_tim.o(i.TIM_ITRxExternalClockConfig), (24 bytes).
    Removing stm32f30x_tim.o(i.TIM_InternalClockConfig), (12 bytes).
    Removing stm32f30x_tim.o(i.TIM_OC1FastConfig), (16 bytes).
    Removing stm32f30x_tim.o(i.TIM_OC1Init), (144 bytes).
    Removing stm32f30x_tim.o(i.TIM_OC1NPolarityConfig), (16 bytes).
    Removing stm32f30x_tim.o(i.TIM_OC1PolarityConfig), (16 bytes).
    Removing stm32f30x_tim.o(i.TIM_OC1PreloadConfig), (16 bytes).
    Removing stm32f30x_tim.o(i.TIM_OC2FastConfig), (18 bytes).
    Removing stm32f30x_tim.o(i.TIM_OC2Init), (128 bytes).
    Removing stm32f30x_tim.o(i.TIM_OC2NPolarityConfig), (18 bytes).
    Removing stm32f30x_tim.o(i.TIM_OC2PolarityConfig), (18 bytes).
    Removing stm32f30x_tim.o(i.TIM_OC2PreloadConfig), (18 bytes).
    Removing stm32f30x_tim.o(i.TIM_OC3FastConfig), (16 bytes).
    Removing stm32f30x_tim.o(i.TIM_OC3Init), (124 bytes).
    Removing stm32f30x_tim.o(i.TIM_OC3NPolarityConfig), (18 bytes).
    Removing stm32f30x_tim.o(i.TIM_OC3PolarityConfig), (18 bytes).
    Removing stm32f30x_tim.o(i.TIM_OC3PreloadConfig), (16 bytes).
    Removing stm32f30x_tim.o(i.TIM_OC4FastConfig), (18 bytes).
    Removing stm32f30x_tim.o(i.TIM_OC4Init), (96 bytes).
    Removing stm32f30x_tim.o(i.TIM_OC4PolarityConfig), (18 bytes).
    Removing stm32f30x_tim.o(i.TIM_OC4PreloadConfig), (18 bytes).
    Removing stm32f30x_tim.o(i.TIM_OC5Init), (88 bytes).
    Removing stm32f30x_tim.o(i.TIM_OC5PolarityConfig), (18 bytes).
    Removing stm32f30x_tim.o(i.TIM_OC5PreloadConfig), (16 bytes).
    Removing stm32f30x_tim.o(i.TIM_OC6Init), (96 bytes).
    Removing stm32f30x_tim.o(i.TIM_OC6PolarityConfig), (18 bytes).
    Removing stm32f30x_tim.o(i.TIM_OC6PreloadConfig), (18 bytes).
    Removing stm32f30x_tim.o(i.TIM_OCStructInit), (20 bytes).
    Removing stm32f30x_tim.o(i.TIM_PWMIConfig), (124 bytes).
    Removing stm32f30x_tim.o(i.TIM_PrescalerConfig), (6 bytes).
    Removing stm32f30x_tim.o(i.TIM_RemapConfig), (6 bytes).
    Removing stm32f30x_tim.o(i.TIM_SelectCCDMA), (24 bytes).
    Removing stm32f30x_tim.o(i.TIM_SelectCOM), (24 bytes).
    Removing stm32f30x_tim.o(i.TIM_SelectGC5C1), (22 bytes).
    Removing stm32f30x_tim.o(i.TIM_SelectGC5C2), (22 bytes).
    Removing stm32f30x_tim.o(i.TIM_SelectGC5C3), (22 bytes).
    Removing stm32f30x_tim.o(i.TIM_SelectHallSensor), (24 bytes).
    Removing stm32f30x_tim.o(i.TIM_SelectInputTrigger), (20 bytes).
    Removing stm32f30x_tim.o(i.TIM_SelectMasterSlaveMode), (18 bytes).
    Removing stm32f30x_tim.o(i.TIM_SelectOCREFClear), (18 bytes).
    Removing stm32f30x_tim.o(i.TIM_SelectOCxM), (88 bytes).
    Removing stm32f30x_tim.o(i.TIM_SelectOnePulseMode), (18 bytes).
    Removing stm32f30x_tim.o(i.TIM_SelectOutputTrigger), (18 bytes).
    Removing stm32f30x_tim.o(i.TIM_SelectOutputTrigger2), (16 bytes).
    Removing stm32f30x_tim.o(i.TIM_SelectSlaveMode), (20 bytes).
    Removing stm32f30x_tim.o(i.TIM_SetAutoreload), (4 bytes).
    Removing stm32f30x_tim.o(i.TIM_SetClockDivision), (18 bytes).
    Removing stm32f30x_tim.o(i.TIM_SetCompare1), (4 bytes).
    Removing stm32f30x_tim.o(i.TIM_SetCompare2), (4 bytes).
    Removing stm32f30x_tim.o(i.TIM_SetCompare3), (4 bytes).
    Removing stm32f30x_tim.o(i.TIM_SetCompare4), (4 bytes).
    Removing stm32f30x_tim.o(i.TIM_SetCompare5), (4 bytes).
    Removing stm32f30x_tim.o(i.TIM_SetCompare6), (4 bytes).
    Removing stm32f30x_tim.o(i.TIM_SetCounter), (4 bytes).
    Removing stm32f30x_tim.o(i.TIM_SetIC1Prescaler), (16 bytes).
    Removing stm32f30x_tim.o(i.TIM_SetIC2Prescaler), (18 bytes).
    Removing stm32f30x_tim.o(i.TIM_SetIC3Prescaler), (18 bytes).
    Removing stm32f30x_tim.o(i.TIM_SetIC4Prescaler), (26 bytes).
    Removing stm32f30x_tim.o(i.TIM_TIxExternalClockConfig), (62 bytes).
    Removing stm32f30x_tim.o(i.TIM_TimeBaseInit), (168 bytes).
    Removing stm32f30x_tim.o(i.TIM_TimeBaseStructInit), (18 bytes).
    Removing stm32f30x_tim.o(i.TIM_UIFRemap), (24 bytes).
    Removing stm32f30x_tim.o(i.TIM_UpdateDisableConfig), (24 bytes).
    Removing stm32f30x_tim.o(i.TIM_UpdateRequestConfig), (24 bytes).
    Removing stm32f30x_usart.o(.rev16_text), (4 bytes).
    Removing stm32f30x_usart.o(.revsh_text), (4 bytes).
    Removing stm32f30x_usart.o(.rrx_text), (6 bytes).
    Removing stm32f30x_usart.o(i.USART_AddressDetectionConfig), (16 bytes).
    Removing stm32f30x_usart.o(i.USART_AutoBaudRateCmd), (22 bytes).
    Removing stm32f30x_usart.o(i.USART_AutoBaudRateConfig), (16 bytes).
    Removing stm32f30x_usart.o(i.USART_ClearFlag), (4 bytes).
    Removing stm32f30x_usart.o(i.USART_ClearITPendingBit), (18 bytes).
    Removing stm32f30x_usart.o(i.USART_ClockInit), (30 bytes).
    Removing stm32f30x_usart.o(i.USART_ClockStructInit), (12 bytes).
    Removing stm32f30x_usart.o(i.USART_Cmd), (22 bytes).
    Removing stm32f30x_usart.o(i.USART_DECmd), (22 bytes).
    Removing stm32f30x_usart.o(i.USART_DEPolarityConfig), (16 bytes).
    Removing stm32f30x_usart.o(i.USART_DMACmd), (18 bytes).
    Removing stm32f30x_usart.o(i.USART_DMAReceptionErrorConfig), (16 bytes).
    Removing stm32f30x_usart.o(i.USART_DataInvCmd), (22 bytes).
    Removing stm32f30x_usart.o(i.USART_DeInit), (156 bytes).
    Removing stm32f30x_usart.o(i.USART_DirectionModeCmd), (18 bytes).
    Removing stm32f30x_usart.o(i.USART_GetFlagStatus), (18 bytes).
    Removing stm32f30x_usart.o(i.USART_GetITStatus), (74 bytes).
    Removing stm32f30x_usart.o(i.USART_HalfDuplexCmd), (22 bytes).
    Removing stm32f30x_usart.o(i.USART_ITConfig), (58 bytes).
    Removing stm32f30x_usart.o(i.USART_Init), (236 bytes).
    Removing stm32f30x_usart.o(i.USART_InvPinCmd), (18 bytes).
    Removing stm32f30x_usart.o(i.USART_IrDACmd), (22 bytes).
    Removing stm32f30x_usart.o(i.USART_IrDAConfig), (16 bytes).
    Removing stm32f30x_usart.o(i.USART_LINBreakDetectLengthConfig), (16 bytes).
    Removing stm32f30x_usart.o(i.USART_LINCmd), (22 bytes).
    Removing stm32f30x_usart.o(i.USART_MSBFirstCmd), (22 bytes).
    Removing stm32f30x_usart.o(i.USART_MuteModeCmd), (22 bytes).
    Removing stm32f30x_usart.o(i.USART_MuteModeWakeUpConfig), (16 bytes).
    Removing stm32f30x_usart.o(i.USART_OneBitMethodCmd), (22 bytes).
    Removing stm32f30x_usart.o(i.USART_OverSampling8Cmd), (22 bytes).
    Removing stm32f30x_usart.o(i.USART_OverrunDetectionConfig), (16 bytes).
    Removing stm32f30x_usart.o(i.USART_ReceiveData), (10 bytes).
    Removing stm32f30x_usart.o(i.USART_ReceiverTimeOutCmd), (22 bytes).
    Removing stm32f30x_usart.o(i.USART_RequestCmd), (18 bytes).
    Removing stm32f30x_usart.o(i.USART_STOPModeCmd), (22 bytes).
    Removing stm32f30x_usart.o(i.USART_SWAPPinCmd), (22 bytes).
    Removing stm32f30x_usart.o(i.USART_SendData), (8 bytes).
    Removing stm32f30x_usart.o(i.USART_SetAddress), (18 bytes).
    Removing stm32f30x_usart.o(i.USART_SetAutoRetryCount), (18 bytes).
    Removing stm32f30x_usart.o(i.USART_SetBlockLength), (18 bytes).
    Removing stm32f30x_usart.o(i.USART_SetDEAssertionTime), (18 bytes).
    Removing stm32f30x_usart.o(i.USART_SetDEDeassertionTime), (18 bytes).
    Removing stm32f30x_usart.o(i.USART_SetGuardTime), (16 bytes).
    Removing stm32f30x_usart.o(i.USART_SetPrescaler), (16 bytes).
    Removing stm32f30x_usart.o(i.USART_SetReceiverTimeOut), (16 bytes).
    Removing stm32f30x_usart.o(i.USART_SmartCardCmd), (22 bytes).
    Removing stm32f30x_usart.o(i.USART_SmartCardNACKCmd), (22 bytes).
    Removing stm32f30x_usart.o(i.USART_StopModeWakeUpSourceConfig), (16 bytes).
    Removing stm32f30x_usart.o(i.USART_StructInit), (24 bytes).
    Removing stm32f30x_wwdg.o(.rev16_text), (4 bytes).
    Removing stm32f30x_wwdg.o(.revsh_text), (4 bytes).
    Removing stm32f30x_wwdg.o(.rrx_text), (6 bytes).
    Removing stm32f30x_wwdg.o(i.WWDG_ClearFlag), (12 bytes).
    Removing stm32f30x_wwdg.o(i.WWDG_DeInit), (22 bytes).
    Removing stm32f30x_wwdg.o(i.WWDG_Enable), (16 bytes).
    Removing stm32f30x_wwdg.o(i.WWDG_EnableIT), (20 bytes).
    Removing stm32f30x_wwdg.o(i.WWDG_GetFlagStatus), (20 bytes).
    Removing stm32f30x_wwdg.o(i.WWDG_SetCounter), (16 bytes).
    Removing stm32f30x_wwdg.o(i.WWDG_SetPrescaler), (24 bytes).
    Removing stm32f30x_wwdg.o(i.WWDG_SetWindowValue), (40 bytes).
    Removing startup_stm32f302x8.o(HEAP), (512 bytes).
    Removing system_stm32f3xx.o(.rev16_text), (4 bytes).
    Removing system_stm32f3xx.o(.revsh_text), (4 bytes).
    Removing system_stm32f3xx.o(.rrx_text), (6 bytes).
    Removing system_stm32f3xx.o(i.SystemCoreClockUpdate), (160 bytes).
    Removing system_stm32f3xx.o(.data), (20 bytes).

670 unused section(s) (total 25538 bytes) removed from the image.

==============================================================================

Image Symbol Table

    Local Symbols

    Symbol Name                              Value     Ov Type        Size  Object(Section)

    ../clib/microlib/init/entry.s            0x00000000   Number         0  entry11a.o ABSOLUTE
    ../clib/microlib/init/entry.s            0x00000000   Number         0  entry11b.o ABSOLUTE
    ../clib/microlib/init/entry.s            0x00000000   Number         0  entry10b.o ABSOLUTE
    ../clib/microlib/init/entry.s            0x00000000   Number         0  entry10a.o ABSOLUTE
    ../clib/microlib/init/entry.s            0x00000000   Number         0  entry9a.o ABSOLUTE
    ../clib/microlib/init/entry.s            0x00000000   Number         0  entry8b.o ABSOLUTE
    ../clib/microlib/init/entry.s            0x00000000   Number         0  entry8a.o ABSOLUTE
    ../clib/microlib/init/entry.s            0x00000000   Number         0  entry7a.o ABSOLUTE
    ../clib/microlib/init/entry.s            0x00000000   Number         0  entry5.o ABSOLUTE
    ../clib/microlib/init/entry.s            0x00000000   Number         0  entry9b.o ABSOLUTE
    ../clib/microlib/init/entry.s            0x00000000   Number         0  entry2.o ABSOLUTE
    ../clib/microlib/init/entry.s            0x00000000   Number         0  entry.o ABSOLUTE
    ../clib/microlib/init/entry.s            0x00000000   Number         0  entry7b.o ABSOLUTE
    Main.c                                   0x00000000   Number         0  main.o ABSOLUTE
    Main.c                                   0x00000000   Number         0  main.o ABSOLUTE
    RTE\Device\STM32F302R8\startup_stm32f302x8.s 0x00000000   Number         0  startup_stm32f302x8.o ABSOLUTE
    RTE\Device\STM32F302R8\system_stm32f3xx.c 0x00000000   Number         0  system_stm32f3xx.o ABSOLUTE
    RTE\\Device\\STM32F302R8\\system_stm32f3xx.c 0x00000000   Number         0  system_stm32f3xx.o ABSOLUTE
    STM32F3_SPL_v1.2.3\\src\\stm32f30x_adc.c 0x00000000   Number         0  stm32f30x_adc.o ABSOLUTE
    STM32F3_SPL_v1.2.3\\src\\stm32f30x_can.c 0x00000000   Number         0  stm32f30x_can.o ABSOLUTE
    STM32F3_SPL_v1.2.3\\src\\stm32f30x_comp.c 0x00000000   Number         0  stm32f30x_comp.o ABSOLUTE
    STM32F3_SPL_v1.2.3\\src\\stm32f30x_crc.c 0x00000000   Number         0  stm32f30x_crc.o ABSOLUTE
    STM32F3_SPL_v1.2.3\\src\\stm32f30x_dac.c 0x00000000   Number         0  stm32f30x_dac.o ABSOLUTE
    STM32F3_SPL_v1.2.3\\src\\stm32f30x_dbgmcu.c 0x00000000   Number         0  stm32f30x_dbgmcu.o ABSOLUTE
    STM32F3_SPL_v1.2.3\\src\\stm32f30x_dma.c 0x00000000   Number         0  stm32f30x_dma.o ABSOLUTE
    STM32F3_SPL_v1.2.3\\src\\stm32f30x_exti.c 0x00000000   Number         0  stm32f30x_exti.o ABSOLUTE
    STM32F3_SPL_v1.2.3\\src\\stm32f30x_flash.c 0x00000000   Number         0  stm32f30x_flash.o ABSOLUTE
    STM32F3_SPL_v1.2.3\\src\\stm32f30x_fmc.c 0x00000000   Number         0  stm32f30x_fmc.o ABSOLUTE
    STM32F3_SPL_v1.2.3\\src\\stm32f30x_gpio.c 0x00000000   Number         0  stm32f30x_gpio.o ABSOLUTE
    STM32F3_SPL_v1.2.3\\src\\stm32f30x_i2c.c 0x00000000   Number         0  stm32f30x_i2c.o ABSOLUTE
    STM32F3_SPL_v1.2.3\\src\\stm32f30x_iwdg.c 0x00000000   Number         0  stm32f30x_iwdg.o ABSOLUTE
    STM32F3_SPL_v1.2.3\\src\\stm32f30x_misc.c 0x00000000   Number         0  stm32f30x_misc.o ABSOLUTE
    STM32F3_SPL_v1.2.3\\src\\stm32f30x_opamp.c 0x00000000   Number         0  stm32f30x_opamp.o ABSOLUTE
    STM32F3_SPL_v1.2.3\\src\\stm32f30x_pwr.c 0x00000000   Number         0  stm32f30x_pwr.o ABSOLUTE
    STM32F3_SPL_v1.2.3\\src\\stm32f30x_rcc.c 0x00000000   Number         0  stm32f30x_rcc.o ABSOLUTE
    STM32F3_SPL_v1.2.3\\src\\stm32f30x_rtc.c 0x00000000   Number         0  stm32f30x_rtc.o ABSOLUTE
    STM32F3_SPL_v1.2.3\\src\\stm32f30x_spi.c 0x00000000   Number         0  stm32f30x_spi.o ABSOLUTE
    STM32F3_SPL_v1.2.3\\src\\stm32f30x_syscfg.c 0x00000000   Number         0  stm32f30x_syscfg.o ABSOLUTE
    STM32F3_SPL_v1.2.3\\src\\stm32f30x_tim.c 0x00000000   Number         0  stm32f30x_tim.o ABSOLUTE
    STM32F3_SPL_v1.2.3\\src\\stm32f30x_usart.c 0x00000000   Number         0  stm32f30x_usart.o ABSOLUTE
    STM32F3_SPL_v1.2.3\\src\\stm32f30x_wwdg.c 0x00000000   Number         0  stm32f30x_wwdg.o ABSOLUTE
    STM32F3_SPL_v1.2.3\src\stm32f30x_adc.c   0x00000000   Number         0  stm32f30x_adc.o ABSOLUTE
    STM32F3_SPL_v1.2.3\src\stm32f30x_can.c   0x00000000   Number         0  stm32f30x_can.o ABSOLUTE
    STM32F3_SPL_v1.2.3\src\stm32f30x_comp.c  0x00000000   Number         0  stm32f30x_comp.o ABSOLUTE
    STM32F3_SPL_v1.2.3\src\stm32f30x_crc.c   0x00000000   Number         0  stm32f30x_crc.o ABSOLUTE
    STM32F3_SPL_v1.2.3\src\stm32f30x_dac.c   0x00000000   Number         0  stm32f30x_dac.o ABSOLUTE
    STM32F3_SPL_v1.2.3\src\stm32f30x_dbgmcu.c 0x00000000   Number         0  stm32f30x_dbgmcu.o ABSOLUTE
    STM32F3_SPL_v1.2.3\src\stm32f30x_dma.c   0x00000000   Number         0  stm32f30x_dma.o ABSOLUTE
    STM32F3_SPL_v1.2.3\src\stm32f30x_exti.c  0x00000000   Number         0  stm32f30x_exti.o ABSOLUTE
    STM32F3_SPL_v1.2.3\src\stm32f30x_flash.c 0x00000000   Number         0  stm32f30x_flash.o ABSOLUTE
    STM32F3_SPL_v1.2.3\src\stm32f30x_fmc.c   0x00000000   Number         0  stm32f30x_fmc.o ABSOLUTE
    STM32F3_SPL_v1.2.3\src\stm32f30x_gpio.c  0x00000000   Number         0  stm32f30x_gpio.o ABSOLUTE
    STM32F3_SPL_v1.2.3\src\stm32f30x_i2c.c   0x00000000   Number         0  stm32f30x_i2c.o ABSOLUTE
    STM32F3_SPL_v1.2.3\src\stm32f30x_iwdg.c  0x00000000   Number         0  stm32f30x_iwdg.o ABSOLUTE
    STM32F3_SPL_v1.2.3\src\stm32f30x_misc.c  0x00000000   Number         0  stm32f30x_misc.o ABSOLUTE
    STM32F3_SPL_v1.2.3\src\stm32f30x_opamp.c 0x00000000   Number         0  stm32f30x_opamp.o ABSOLUTE
    STM32F3_SPL_v1.2.3\src\stm32f30x_pwr.c   0x00000000   Number         0  stm32f30x_pwr.o ABSOLUTE
    STM32F3_SPL_v1.2.3\src\stm32f30x_rcc.c   0x00000000   Number         0  stm32f30x_rcc.o ABSOLUTE
    STM32F3_SPL_v1.2.3\src\stm32f30x_rtc.c   0x00000000   Number         0  stm32f30x_rtc.o ABSOLUTE
    STM32F3_SPL_v1.2.3\src\stm32f30x_spi.c   0x00000000   Number         0  stm32f30x_spi.o ABSOLUTE
    STM32F3_SPL_v1.2.3\src\stm32f30x_syscfg.c 0x00000000   Number         0  stm32f30x_syscfg.o ABSOLUTE
    STM32F3_SPL_v1.2.3\src\stm32f30x_tim.c   0x00000000   Number         0  stm32f30x_tim.o ABSOLUTE
    STM32F3_SPL_v1.2.3\src\stm32f30x_usart.c 0x00000000   Number         0  stm32f30x_usart.o ABSOLUTE
    STM32F3_SPL_v1.2.3\src\stm32f30x_wwdg.c  0x00000000   Number         0  stm32f30x_wwdg.o ABSOLUTE
    dc.s                                     0x00000000   Number         0  dc.o ABSOLUTE
    handlers.s                               0x00000000   Number         0  handlers.o ABSOLUTE
    init.s                                   0x00000000   Number         0  init.o ABSOLUTE
    RESET                                    0x08000000   Section      392  startup_stm32f302x8.o(RESET)
    .ARM.Collect$$$$00000000                 0x08000188   Section        0  entry.o(.ARM.Collect$$$$00000000)
    .ARM.Collect$$$$00000001                 0x08000188   Section        4  entry2.o(.ARM.Collect$$$$00000001)
    .ARM.Collect$$$$00000004                 0x0800018c   Section        4  entry5.o(.ARM.Collect$$$$00000004)
    .ARM.Collect$$$$00000008                 0x08000190   Section        0  entry7b.o(.ARM.Collect$$$$00000008)
    .ARM.Collect$$$$0000000A                 0x08000190   Section        0  entry8b.o(.ARM.Collect$$$$0000000A)
    .ARM.Collect$$$$0000000B                 0x08000190   Section        8  entry9a.o(.ARM.Collect$$$$0000000B)
    .ARM.Collect$$$$0000000D                 0x08000198   Section        0  entry10a.o(.ARM.Collect$$$$0000000D)
    .ARM.Collect$$$$0000000F                 0x08000198   Section        0  entry11a.o(.ARM.Collect$$$$0000000F)
    .ARM.Collect$$$$00002712                 0x08000198   Section        4  entry2.o(.ARM.Collect$$$$00002712)
    __lit__00000000                          0x08000198   Data           4  entry2.o(.ARM.Collect$$$$00002712)
    .text                                    0x0800019c   Section       36  startup_stm32f302x8.o(.text)
    $v0                                      0x0800019c   Number         0  startup_stm32f302x8.o(.text)
    .text                                    0x080001c0   Section       36  init.o(.text)
    i.CAN_DeInit                             0x080001e4   Section        0  stm32f30x_can.o(i.CAN_DeInit)
    i.CAN_FilterInit                         0x080001fc   Section        0  stm32f30x_can.o(i.CAN_FilterInit)
    i.CAN_Init                               0x08000304   Section        0  stm32f30x_can.o(i.CAN_Init)
    i.CAN_StructInit                         0x08000428   Section        0  stm32f30x_can.o(i.CAN_StructInit)
    i.CAN_Transmit                           0x08000448   Section        0  stm32f30x_can.o(i.CAN_Transmit)
    i.CAN_TransmitStatus                     0x08000570   Section        0  stm32f30x_can.o(i.CAN_TransmitStatus)
    i.ConfigureCAN                           0x08000610   Section        0  main.o(i.ConfigureCAN)
    i.GPIO_Init                              0x08000730   Section        0  stm32f30x_gpio.o(i.GPIO_Init)
    i.GPIO_PinAFConfig                       0x080007c6   Section        0  stm32f30x_gpio.o(i.GPIO_PinAFConfig)
    i.Init_TxMes                             0x0800080c   Section        0  main.o(i.Init_TxMes)
    i.NVIC_Init                              0x08000820   Section        0  stm32f30x_misc.o(i.NVIC_Init)
    i.RCC_AHBPeriphClockCmd                  0x08000890   Section        0  stm32f30x_rcc.o(i.RCC_AHBPeriphClockCmd)
    i.RCC_APB1PeriphClockCmd                 0x080008b0   Section        0  stm32f30x_rcc.o(i.RCC_APB1PeriphClockCmd)
    i.RCC_APB1PeriphResetCmd                 0x080008d0   Section        0  stm32f30x_rcc.o(i.RCC_APB1PeriphResetCmd)
    i.SystemInit                             0x080008f0   Section        0  system_stm32f3xx.o(i.SystemInit)
    i.__scatterload_copy                     0x0800096c   Section       14  handlers.o(i.__scatterload_copy)
    i.__scatterload_null                     0x0800097a   Section        2  handlers.o(i.__scatterload_null)
    i.__scatterload_zeroinit                 0x0800097c   Section       14  handlers.o(i.__scatterload_zeroinit)
    i.main                                   0x0800098c   Section        0  main.o(i.main)
    STACK                                    0x20000000   Section     1024  startup_stm32f302x8.o(STACK)

    Global Symbols

    Symbol Name                              Value     Ov Type        Size  Object(Section)

    BuildAttributes$$THM_ISAv4$E$P$D$K$B$S$7EM$VFPi3$EXTD16$VFPS$VFMA$PE$A:L22UL41UL21$X:L11$S22US41US21$IEEE1$IW$USESV6$~STKCKD$USESV7$~SHL$OSPACE$EBA8$MICROLIB$REQ8$PRES8$EABIv2 0x00000000   Number         0  anon$$obj.o ABSOLUTE
    __ARM_use_no_argv                        0x00000000   Number         0  main.o ABSOLUTE
    __cpp_initialize__aeabi_                  - Undefined Weak Reference
    __cxa_finalize                            - Undefined Weak Reference
    __decompress                              - Undefined Weak Reference
    _clock_init                               - Undefined Weak Reference
    _microlib_exit                            - Undefined Weak Reference
    __Vectors_Size                           0x00000188   Number         0  startup_stm32f302x8.o ABSOLUTE
    __Vectors                                0x08000000   Data           4  startup_stm32f302x8.o(RESET)
    __Vectors_End                            0x08000188   Data           0  startup_stm32f302x8.o(RESET)
    __main                                   0x08000189   Thumb Code     0  entry.o(.ARM.Collect$$$$00000000)
    _main_stk                                0x08000189   Thumb Code     0  entry2.o(.ARM.Collect$$$$00000001)
    _main_scatterload                        0x0800018d   Thumb Code     0  entry5.o(.ARM.Collect$$$$00000004)
    __main_after_scatterload                 0x08000191   Thumb Code     0  entry5.o(.ARM.Collect$$$$00000004)
    _main_clock                              0x08000191   Thumb Code     0  entry7b.o(.ARM.Collect$$$$00000008)
    _main_cpp_init                           0x08000191   Thumb Code     0  entry8b.o(.ARM.Collect$$$$0000000A)
    _main_init                               0x08000191   Thumb Code     0  entry9a.o(.ARM.Collect$$$$0000000B)
    __rt_final_cpp                           0x08000199   Thumb Code     0  entry10a.o(.ARM.Collect$$$$0000000D)
    __rt_final_exit                          0x08000199   Thumb Code     0  entry11a.o(.ARM.Collect$$$$0000000F)
    Reset_Handler                            0x0800019d   Thumb Code     8  startup_stm32f302x8.o(.text)
    NMI_Handler                              0x080001a5   Thumb Code     2  startup_stm32f302x8.o(.text)
    HardFault_Handler                        0x080001a7   Thumb Code     2  startup_stm32f302x8.o(.text)
    MemManage_Handler                        0x080001a9   Thumb Code     2  startup_stm32f302x8.o(.text)
    BusFault_Handler                         0x080001ab   Thumb Code     2  startup_stm32f302x8.o(.text)
    UsageFault_Handler                       0x080001ad   Thumb Code     2  startup_stm32f302x8.o(.text)
    SVC_Handler                              0x080001af   Thumb Code     2  startup_stm32f302x8.o(.text)
    DebugMon_Handler                         0x080001b1   Thumb Code     2  startup_stm32f302x8.o(.text)
    PendSV_Handler                           0x080001b3   Thumb Code     2  startup_stm32f302x8.o(.text)
    SysTick_Handler                          0x080001b5   Thumb Code     2  startup_stm32f302x8.o(.text)
    ADC1_IRQHandler                          0x080001b7   Thumb Code     0  startup_stm32f302x8.o(.text)
    CAN_RX1_IRQHandler                       0x080001b7   Thumb Code     0  startup_stm32f302x8.o(.text)
    CAN_SCE_IRQHandler                       0x080001b7   Thumb Code     0  startup_stm32f302x8.o(.text)
    COMP2_IRQHandler                         0x080001b7   Thumb Code     0  startup_stm32f302x8.o(.text)
    COMP4_6_IRQHandler                       0x080001b7   Thumb Code     0  startup_stm32f302x8.o(.text)
    DMA1_Channel1_IRQHandler                 0x080001b7   Thumb Code     0  startup_stm32f302x8.o(.text)
    DMA1_Channel2_IRQHandler                 0x080001b7   Thumb Code     0  startup_stm32f302x8.o(.text)
    DMA1_Channel3_IRQHandler                 0x080001b7   Thumb Code     0  startup_stm32f302x8.o(.text)
    DMA1_Channel4_IRQHandler                 0x080001b7   Thumb Code     0  startup_stm32f302x8.o(.text)
    DMA1_Channel5_IRQHandler                 0x080001b7   Thumb Code     0  startup_stm32f302x8.o(.text)
    DMA1_Channel6_IRQHandler                 0x080001b7   Thumb Code     0  startup_stm32f302x8.o(.text)
    DMA1_Channel7_IRQHandler                 0x080001b7   Thumb Code     0  startup_stm32f302x8.o(.text)
    EXTI0_IRQHandler                         0x080001b7   Thumb Code     0  startup_stm32f302x8.o(.text)
    EXTI15_10_IRQHandler                     0x080001b7   Thumb Code     0  startup_stm32f302x8.o(.text)
    EXTI1_IRQHandler                         0x080001b7   Thumb Code     0  startup_stm32f302x8.o(.text)
    EXTI2_TSC_IRQHandler                     0x080001b7   Thumb Code     0  startup_stm32f302x8.o(.text)
    EXTI3_IRQHandler                         0x080001b7   Thumb Code     0  startup_stm32f302x8.o(.text)
    EXTI4_IRQHandler                         0x080001b7   Thumb Code     0  startup_stm32f302x8.o(.text)
    EXTI9_5_IRQHandler                       0x080001b7   Thumb Code     0  startup_stm32f302x8.o(.text)
    FLASH_IRQHandler                         0x080001b7   Thumb Code     0  startup_stm32f302x8.o(.text)
    FPU_IRQHandler                           0x080001b7   Thumb Code     0  startup_stm32f302x8.o(.text)
    I2C1_ER_IRQHandler                       0x080001b7   Thumb Code     0  startup_stm32f302x8.o(.text)
    I2C1_EV_IRQHandler                       0x080001b7   Thumb Code     0  startup_stm32f302x8.o(.text)
    I2C2_ER_IRQHandler                       0x080001b7   Thumb Code     0  startup_stm32f302x8.o(.text)
    I2C2_EV_IRQHandler                       0x080001b7   Thumb Code     0  startup_stm32f302x8.o(.text)
    I2C3_ER_IRQHandler                       0x080001b7   Thumb Code     0  startup_stm32f302x8.o(.text)
    I2C3_EV_IRQHandler                       0x080001b7   Thumb Code     0  startup_stm32f302x8.o(.text)
    PVD_IRQHandler                           0x080001b7   Thumb Code     0  startup_stm32f302x8.o(.text)
    RCC_IRQHandler                           0x080001b7   Thumb Code     0  startup_stm32f302x8.o(.text)
    RTC_Alarm_IRQHandler                     0x080001b7   Thumb Code     0  startup_stm32f302x8.o(.text)
    RTC_WKUP_IRQHandler                      0x080001b7   Thumb Code     0  startup_stm32f302x8.o(.text)
    SPI2_IRQHandler                          0x080001b7   Thumb Code     0  startup_stm32f302x8.o(.text)
    SPI3_IRQHandler                          0x080001b7   Thumb Code     0  startup_stm32f302x8.o(.text)
    TAMP_STAMP_IRQHandler                    0x080001b7   Thumb Code     0  startup_stm32f302x8.o(.text)
    TIM1_BRK_TIM15_IRQHandler                0x080001b7   Thumb Code     0  startup_stm32f302x8.o(.text)
    TIM1_CC_IRQHandler                       0x080001b7   Thumb Code     0  startup_stm32f302x8.o(.text)
    TIM1_TRG_COM_TIM17_IRQHandler            0x080001b7   Thumb Code     0  startup_stm32f302x8.o(.text)
    TIM1_UP_TIM16_IRQHandler                 0x080001b7   Thumb Code     0  startup_stm32f302x8.o(.text)
    TIM2_IRQHandler                          0x080001b7   Thumb Code     0  startup_stm32f302x8.o(.text)
    TIM6_DAC_IRQHandler                      0x080001b7   Thumb Code     0  startup_stm32f302x8.o(.text)
    USART1_IRQHandler                        0x080001b7   Thumb Code     0  startup_stm32f302x8.o(.text)
    USART2_IRQHandler                        0x080001b7   Thumb Code     0  startup_stm32f302x8.o(.text)
    USART3_IRQHandler                        0x080001b7   Thumb Code     0  startup_stm32f302x8.o(.text)
    USBWakeUp_IRQHandler                     0x080001b7   Thumb Code     0  startup_stm32f302x8.o(.text)
    USBWakeUp_RMP_IRQHandler                 0x080001b7   Thumb Code     0  startup_stm32f302x8.o(.text)
    USB_HP_CAN_TX_IRQHandler                 0x080001b7   Thumb Code     0  startup_stm32f302x8.o(.text)
    USB_HP_IRQHandler                        0x080001b7   Thumb Code     0  startup_stm32f302x8.o(.text)
    USB_LP_CAN_RX0_IRQHandler                0x080001b7   Thumb Code     0  startup_stm32f302x8.o(.text)
    USB_LP_IRQHandler                        0x080001b7   Thumb Code     0  startup_stm32f302x8.o(.text)
    WWDG_IRQHandler                          0x080001b7   Thumb Code     0  startup_stm32f302x8.o(.text)
    __scatterload                            0x080001c1   Thumb Code    28  init.o(.text)
    __scatterload_rt2                        0x080001c1   Thumb Code     0  init.o(.text)
    CAN_DeInit                               0x080001e5   Thumb Code    24  stm32f30x_can.o(i.CAN_DeInit)
    CAN_FilterInit                           0x080001fd   Thumb Code   258  stm32f30x_can.o(i.CAN_FilterInit)
    CAN_Init                                 0x08000305   Thumb Code   292  stm32f30x_can.o(i.CAN_Init)
    CAN_StructInit                           0x08000429   Thumb Code    32  stm32f30x_can.o(i.CAN_StructInit)
    CAN_Transmit                             0x08000449   Thumb Code   294  stm32f30x_can.o(i.CAN_Transmit)
    CAN_TransmitStatus                       0x08000571   Thumb Code   138  stm32f30x_can.o(i.CAN_TransmitStatus)
    ConfigureCAN                             0x08000611   Thumb Code   278  main.o(i.ConfigureCAN)
    GPIO_Init                                0x08000731   Thumb Code   150  stm32f30x_gpio.o(i.GPIO_Init)
    GPIO_PinAFConfig                         0x080007c7   Thumb Code    70  stm32f30x_gpio.o(i.GPIO_PinAFConfig)
    Init_TxMes                               0x0800080d   Thumb Code    20  main.o(i.Init_TxMes)
    NVIC_Init                                0x08000821   Thumb Code   100  stm32f30x_misc.o(i.NVIC_Init)
    RCC_AHBPeriphClockCmd                    0x08000891   Thumb Code    26  stm32f30x_rcc.o(i.RCC_AHBPeriphClockCmd)
    RCC_APB1PeriphClockCmd                   0x080008b1   Thumb Code    26  stm32f30x_rcc.o(i.RCC_APB1PeriphClockCmd)
    RCC_APB1PeriphResetCmd                   0x080008d1   Thumb Code    26  stm32f30x_rcc.o(i.RCC_APB1PeriphResetCmd)
    SystemInit                               0x080008f1   Thumb Code   104  system_stm32f3xx.o(i.SystemInit)
    __scatterload_copy                       0x0800096d   Thumb Code    14  handlers.o(i.__scatterload_copy)
    __scatterload_null                       0x0800097b   Thumb Code     2  handlers.o(i.__scatterload_null)
    __scatterload_zeroinit                   0x0800097d   Thumb Code    14  handlers.o(i.__scatterload_zeroinit)
    main                                     0x0800098d   Thumb Code    62  main.o(i.main)
    Region$$Table$$Base                      0x080009d0   Number         0  anon$$obj.o(Region$$Table)
    Region$$Table$$Limit                     0x080009e0   Number         0  anon$$obj.o(Region$$Table)
    __initial_sp                             0x20000400   Data           0  startup_stm32f302x8.o(STACK)



==============================================================================

Memory Map of the image

  Image Entry point : 0x0800019d

  Load Region LR_1 (Base: 0x08000000, Size: 0x000009e0, Max: 0xffffffff, ABSOLUTE)

    Execution Region ER_RO (Base: 0x08000000, Size: 0x000009e0, Max: 0xffffffff, ABSOLUTE)

    Base Addr    Size         Type   Attr      Idx    E Section Name        Object

    0x08000000   0x00000188   Data   RO         4170    RESET               startup_stm32f302x8.o
    0x08000188   0x00000000   Code   RO         4221  * .ARM.Collect$$$$00000000  mc_w.l(entry.o)
    0x08000188   0x00000004   Code   RO         4224    .ARM.Collect$$$$00000001  mc_w.l(entry2.o)
    0x0800018c   0x00000004   Code   RO         4227    .ARM.Collect$$$$00000004  mc_w.l(entry5.o)
    0x08000190   0x00000000   Code   RO         4229    .ARM.Collect$$$$00000008  mc_w.l(entry7b.o)
    0x08000190   0x00000000   Code   RO         4231    .ARM.Collect$$$$0000000A  mc_w.l(entry8b.o)
    0x08000190   0x00000008   Code   RO         4232    .ARM.Collect$$$$0000000B  mc_w.l(entry9a.o)
    0x08000198   0x00000000   Code   RO         4234    .ARM.Collect$$$$0000000D  mc_w.l(entry10a.o)
    0x08000198   0x00000000   Code   RO         4236    .ARM.Collect$$$$0000000F  mc_w.l(entry11a.o)
    0x08000198   0x00000004   Code   RO         4225    .ARM.Collect$$$$00002712  mc_w.l(entry2.o)
    0x0800019c   0x00000024   Code   RO         4171  * .text               startup_stm32f302x8.o
    0x080001c0   0x00000024   Code   RO         4238    .text               mc_w.l(init.o)
    0x080001e4   0x00000018   Code   RO          550    i.CAN_DeInit        stm32f30x_can.o
    0x080001fc   0x00000108   Code   RO          552    i.CAN_FilterInit    stm32f30x_can.o
    0x08000304   0x00000124   Code   RO          559    i.CAN_Init          stm32f30x_can.o
    0x08000428   0x00000020   Code   RO          565    i.CAN_StructInit    stm32f30x_can.o
    0x08000448   0x00000126   Code   RO          567    i.CAN_Transmit      stm32f30x_can.o
    0x0800056e   0x00000002   PAD
    0x08000570   0x000000a0   Code   RO          568    i.CAN_TransmitStatus  stm32f30x_can.o
    0x08000610   0x00000120   Code   RO            4    i.ConfigureCAN      main.o
    0x08000730   0x00000096   Code   RO         1524    i.GPIO_Init         stm32f30x_gpio.o
    0x080007c6   0x00000046   Code   RO         1525    i.GPIO_PinAFConfig  stm32f30x_gpio.o
    0x0800080c   0x00000014   Code   RO            6    i.Init_TxMes        main.o
    0x08000820   0x00000070   Code   RO         1949    i.NVIC_Init         stm32f30x_misc.o
    0x08000890   0x00000020   Code   RO         2184    i.RCC_AHBPeriphClockCmd  stm32f30x_rcc.o
    0x080008b0   0x00000020   Code   RO         2186    i.RCC_APB1PeriphClockCmd  stm32f30x_rcc.o
    0x080008d0   0x00000020   Code   RO         2187    i.RCC_APB1PeriphResetCmd  stm32f30x_rcc.o
    0x080008f0   0x0000007c   Code   RO         4179    i.SystemInit        system_stm32f3xx.o
    0x0800096c   0x0000000e   Code   RO         4242    i.__scatterload_copy  mc_w.l(handlers.o)
    0x0800097a   0x00000002   Code   RO         4243    i.__scatterload_null  mc_w.l(handlers.o)
    0x0800097c   0x0000000e   Code   RO         4244    i.__scatterload_zeroinit  mc_w.l(handlers.o)
    0x0800098a   0x00000002   PAD
    0x0800098c   0x00000044   Code   RO            7    i.main              main.o
    0x080009d0   0x00000010   Data   RO         4240    Region$$Table       anon$$obj.o


    Execution Region ER_RW (Base: 0x20000000, Size: 0x00000000, Max: 0xffffffff, ABSOLUTE)

    **** No section assigned to this execution region ****


    Execution Region ER_ZI (Base: 0x20000000, Size: 0x00000400, Max: 0xffffffff, ABSOLUTE)

    Base Addr    Size         Type   Attr      Idx    E Section Name        Object

    0x20000000   0x00000400   Zero   RW         4168    STACK               startup_stm32f302x8.o


==============================================================================

Image component sizes


      Code (inc. data)   RO Data    RW Data    ZI Data      Debug   Object Name

       376         16          0          0          0     304379   main.o
        36          8        392          0       1024        832   startup_stm32f302x8.o
      1066         28          0          0          0       4922   stm32f30x_can.o
       220          0          0          0          0       1755   stm32f30x_gpio.o
       112         12          0          0          0       1040   stm32f30x_misc.o
        96         18          0          0          0       1730   stm32f30x_rcc.o
       124         20          0          0          0        509   system_stm32f3xx.o

    ----------------------------------------------------------------------
      2032        102        408          0       1024     315167   Object Totals
         0          0         16          0          0          0   (incl. Generated)
         2          0          0          0          0          0   (incl. Padding)

    ----------------------------------------------------------------------

      Code (inc. data)   RO Data    RW Data    ZI Data      Debug   Library Member Name

         0          0          0          0          0          0   entry.o
         0          0          0          0          0          0   entry10a.o
         0          0          0          0          0          0   entry11a.o
         8          4          0          0          0          0   entry2.o
         4          0          0          0          0          0   entry5.o
         0          0          0          0          0          0   entry7b.o
         0          0          0          0          0          0   entry8b.o
         8          4          0          0          0          0   entry9a.o
        30          0          0          0          0          0   handlers.o
        36          8          0          0          0         68   init.o

    ----------------------------------------------------------------------
        88         16          0          0          0         68   Library Totals
         2          0          0          0          0          0   (incl. Padding)

    ----------------------------------------------------------------------

      Code (inc. data)   RO Data    RW Data    ZI Data      Debug   Library Name

        86         16          0          0          0         68   mc_w.l

    ----------------------------------------------------------------------
        88         16          0          0          0         68   Library Totals

    ----------------------------------------------------------------------

==============================================================================


      Code (inc. data)   RO Data    RW Data    ZI Data      Debug   

      2120        118        408          0       1024     314139   Grand Totals
      2120        118        408          0       1024     314139   ELF Image Totals
      2120        118        408          0          0          0   ROM Totals

==============================================================================

    Total RO  Size (Code + RO Data)                 2528 (   2.47kB)
    Total RW  Size (RW Data + ZI Data)              1024 (   1.00kB)
    Total ROM Size (Code + RO Data + RW Data)       2528 (   2.47kB)

==============================================================================

